Archive member included because of file (symbol)

/Users/irenecasares/Library/Arduino15/packages/arduino/hardware/sam/1.6.12/variants/arduino_due_x/libsam_sam3x8e_gcc_rel.a(pio.o)
                              /private/var/folders/dg/qs09sntx2l57tcph295m5c6h0000gn/T/arduino/sketches/756C8A719E408CC83410B907C30ACF5E/libraries/SPI/SPI.cpp.o (PIO_Configure)
/Users/irenecasares/Library/Arduino15/packages/arduino/hardware/sam/1.6.12/variants/arduino_due_x/libsam_sam3x8e_gcc_rel.a(pmc.o)
                              /private/var/folders/dg/qs09sntx2l57tcph295m5c6h0000gn/T/arduino/sketches/756C8A719E408CC83410B907C30ACF5E/core/variant.cpp.o (pmc_enable_periph_clk)
/Users/irenecasares/Library/Arduino15/packages/arduino/hardware/sam/1.6.12/variants/arduino_due_x/libsam_sam3x8e_gcc_rel.a(spi.o)
                              /private/var/folders/dg/qs09sntx2l57tcph295m5c6h0000gn/T/arduino/sketches/756C8A719E408CC83410B907C30ACF5E/libraries/SPI/SPI.cpp.o (SPI_Enable)
/Users/irenecasares/Library/Arduino15/packages/arduino/hardware/sam/1.6.12/variants/arduino_due_x/libsam_sam3x8e_gcc_rel.a(system_sam3xa.o)
                              /private/var/folders/dg/qs09sntx2l57tcph295m5c6h0000gn/T/arduino/sketches/756C8A719E408CC83410B907C30ACF5E/core/variant.cpp.o (SystemInit)
/Users/irenecasares/Library/Arduino15/packages/arduino/hardware/sam/1.6.12/variants/arduino_due_x/libsam_sam3x8e_gcc_rel.a(startup_sam3xa.o)
                              (Reset_Handler)
/Users/irenecasares/Library/Arduino15/packages/arduino/hardware/sam/1.6.12/variants/arduino_due_x/libsam_sam3x8e_gcc_rel.a(adc.o)
                              /private/var/folders/dg/qs09sntx2l57tcph295m5c6h0000gn/T/arduino/sketches/756C8A719E408CC83410B907C30ACF5E/core/variant.cpp.o (adc_init)
/Users/irenecasares/Library/Arduino15/packages/arduino/hardware/sam/1.6.12/variants/arduino_due_x/libsam_sam3x8e_gcc_rel.a(uotghs.o)
                              /Users/irenecasares/Library/Arduino15/packages/arduino/hardware/sam/1.6.12/variants/arduino_due_x/libsam_sam3x8e_gcc_rel.a(startup_sam3xa.o) (UOTGHS_Handler)
/private/var/folders/dg/qs09sntx2l57tcph295m5c6h0000gn/T/arduino/sketches/756C8A719E408CC83410B907C30ACF5E/../../cores/arduino_sam_arduino_due_x_dbg_13e93a580f677a788431e7eba67fa1dc/core.a(Print.cpp.o)
                              /private/var/folders/dg/qs09sntx2l57tcph295m5c6h0000gn/T/arduino/sketches/756C8A719E408CC83410B907C30ACF5E/libraries/SD/File.cpp.o (Print::write(unsigned char const*, unsigned int))
/private/var/folders/dg/qs09sntx2l57tcph295m5c6h0000gn/T/arduino/sketches/756C8A719E408CC83410B907C30ACF5E/../../cores/arduino_sam_arduino_due_x_dbg_13e93a580f677a788431e7eba67fa1dc/core.a(RingBuffer.cpp.o)
                              /private/var/folders/dg/qs09sntx2l57tcph295m5c6h0000gn/T/arduino/sketches/756C8A719E408CC83410B907C30ACF5E/core/variant.cpp.o (RingBuffer::RingBuffer())
/private/var/folders/dg/qs09sntx2l57tcph295m5c6h0000gn/T/arduino/sketches/756C8A719E408CC83410B907C30ACF5E/../../cores/arduino_sam_arduino_due_x_dbg_13e93a580f677a788431e7eba67fa1dc/core.a(UARTClass.cpp.o)
                              /private/var/folders/dg/qs09sntx2l57tcph295m5c6h0000gn/T/arduino/sketches/756C8A719E408CC83410B907C30ACF5E/core/variant.cpp.o (UARTClass::available())
/private/var/folders/dg/qs09sntx2l57tcph295m5c6h0000gn/T/arduino/sketches/756C8A719E408CC83410B907C30ACF5E/../../cores/arduino_sam_arduino_due_x_dbg_13e93a580f677a788431e7eba67fa1dc/core.a(USARTClass.cpp.o)
                              /private/var/folders/dg/qs09sntx2l57tcph295m5c6h0000gn/T/arduino/sketches/756C8A719E408CC83410B907C30ACF5E/core/variant.cpp.o (USARTClass::USARTClass(Usart*, IRQn, unsigned long, RingBuffer*, RingBuffer*))
/private/var/folders/dg/qs09sntx2l57tcph295m5c6h0000gn/T/arduino/sketches/756C8A719E408CC83410B907C30ACF5E/../../cores/arduino_sam_arduino_due_x_dbg_13e93a580f677a788431e7eba67fa1dc/core.a(WInterrupts.c.o)
                              /Users/irenecasares/Library/Arduino15/packages/arduino/hardware/sam/1.6.12/variants/arduino_due_x/libsam_sam3x8e_gcc_rel.a(startup_sam3xa.o) (PIOA_Handler)
/private/var/folders/dg/qs09sntx2l57tcph295m5c6h0000gn/T/arduino/sketches/756C8A719E408CC83410B907C30ACF5E/../../cores/arduino_sam_arduino_due_x_dbg_13e93a580f677a788431e7eba67fa1dc/core.a(abi.cpp.o)
                              /private/var/folders/dg/qs09sntx2l57tcph295m5c6h0000gn/T/arduino/sketches/756C8A719E408CC83410B907C30ACF5E/libraries/SD/File.cpp.o (__cxa_pure_virtual)
/private/var/folders/dg/qs09sntx2l57tcph295m5c6h0000gn/T/arduino/sketches/756C8A719E408CC83410B907C30ACF5E/../../cores/arduino_sam_arduino_due_x_dbg_13e93a580f677a788431e7eba67fa1dc/core.a(cortex_handlers.c.o)
                              /Users/irenecasares/Library/Arduino15/packages/arduino/hardware/sam/1.6.12/variants/arduino_due_x/libsam_sam3x8e_gcc_rel.a(startup_sam3xa.o) (NMI_Handler)
[...]
Memory Configuration

Name             Origin             Length             Attributes
rom              0x0000000000080000 0x0000000000080000 xr
sram0            0x0000000020000000 0x0000000000010000 xrw
sram1            0x0000000020080000 0x0000000000008000 xrw
ram              0x0000000020070000 0x0000000000018000 xrw
*default*        0x0000000000000000 0xffffffffffffffff

Linker script and memory map

LOAD /Users/irenecasares/Library/Arduino15/packages/arduino/tools/arm-none-eabi-gcc/4.8.3-2014q1/bin/../lib/gcc/arm-none-eabi/4.8.3/armv7-m/crti.o
LOAD /Users/irenecasares/Library/Arduino15/packages/arduino/tools/arm-none-eabi-gcc/4.8.3-2014q1/bin/../lib/gcc/arm-none-eabi/4.8.3/armv7-m/crtbegin.o
LOAD /Users/irenecasares/Library/Arduino15/packages/arduino/tools/arm-none-eabi-gcc/4.8.3-2014q1/bin/../lib/gcc/arm-none-eabi/4.8.3/../../../../arm-none-eabi/lib/armv7-m/crt0.o
START GROUP
LOAD /private/var/folders/dg/qs09sntx2l57tcph295m5c6h0000gn/T/arduino/sketches/756C8A719E408CC83410B907C30ACF5E/sketch/RA8876_v2.cpp.o
LOAD /private/var/folders/dg/qs09sntx2l57tcph295m5c6h0000gn/T/arduino/sketches/756C8A719E408CC83410B907C30ACF5E/sketch/RA8876_v2_BTE.ino.cpp.o
LOAD /private/var/folders/dg/qs09sntx2l57tcph295m5c6h0000gn/T/arduino/sketches/756C8A719E408CC83410B907C30ACF5E/libraries/SPI/SPI.cpp.o
LOAD /private/var/folders/dg/qs09sntx2l57tcph295m5c6h0000gn/T/arduino/sketches/756C8A719E408CC83410B907C30ACF5E/libraries/SD/File.cpp.o
LOAD /private/var/folders/dg/qs09sntx2l57tcph295m5c6h0000gn/T/arduino/sketches/756C8A719E408CC83410B907C30ACF5E/libraries/SD/SD.cpp.o
LOAD /private/var/folders/dg/qs09sntx2l57tcph295m5c6h0000gn/T/arduino/sketches/756C8A719E408CC83410B907C30ACF5E/libraries/SD/utility/Sd2Card.cpp.o
LOAD /private/var/folders/dg/qs09sntx2l57tcph295m5c6h0000gn/T/arduino/sketches/756C8A719E408CC83410B907C30ACF5E/libraries/SD/utility/SdFile.cpp.o
LOAD /private/var/folders/dg/qs09sntx2l57tcph295m5c6h0000gn/T/arduino/sketches/756C8A719E408CC83410B907C30ACF5E/libraries/SD/utility/SdVolume.cpp.o
LOAD /private/var/folders/dg/qs09sntx2l57tcph295m5c6h0000gn/T/arduino/sketches/756C8A719E408CC83410B907C30ACF5E/core/variant.cpp.o
LOAD /Users/irenecasares/Library/Arduino15/packages/arduino/hardware/sam/1.6.12/variants/arduino_due_x/libsam_sam3x8e_gcc_rel.a
LOAD /private/var/folders/dg/qs09sntx2l57tcph295m5c6h0000gn/T/arduino/sketches/756C8A719E408CC83410B907C30ACF5E/../../cores/arduino_sam_arduino_due_x_dbg_13e93a580f677a788431e7eba67fa1dc/core.a
END GROUP
LOAD /Users/irenecasares/Library/Arduino15/packages/arduino/tools/arm-none-eabi-gcc/4.8.3-2014q1/bin/../lib/gcc/arm-none-eabi/4.8.3/../../../../arm-none-eabi/lib/armv7-m/libm.a
LOAD /Users/irenecasares/Library/Arduino15/packages/arduino/tools/arm-none-eabi-gcc/4.8.3-2014q1/bin/../lib/gcc/arm-none-eabi/4.8.3/armv7-m/libgcc.a
START GROUP
LOAD /Users/irenecasares/Library/Arduino15/packages/arduino/tools/arm-none-eabi-gcc/4.8.3-2014q1/bin/../lib/gcc/arm-none-eabi/4.8.3/armv7-m/libgcc.a
LOAD /Users/irenecasares/Library/Arduino15/packages/arduino/tools/arm-none-eabi-gcc/4.8.3-2014q1/bin/../lib/gcc/arm-none-eabi/4.8.3/../../../../arm-none-eabi/lib/armv7-m/libc.a
END GROUP
LOAD /Users/irenecasares/Library/Arduino15/packages/arduino/tools/arm-none-eabi-gcc/4.8.3-2014q1/bin/../lib/gcc/arm-none-eabi/4.8.3/armv7-m/crtend.o
LOAD /Users/irenecasares/Library/Arduino15/packages/arduino/tools/arm-none-eabi-gcc/4.8.3-2014q1/bin/../lib/gcc/arm-none-eabi/4.8.3/armv7-m/crtn.o

.text           0x0000000000080000    0x169bc
                0x0000000000080000                . = ALIGN (0x4)
                0x0000000000080000                _sfixed = .
 *(.vectors .vectors.*)
 .vectors       0x0000000000080000       0xf4 /Users/irenecasares/Library/Arduino15/packages/arduino/hardware/sam/1.6.12/variants/arduino_due_x/libsam_sam3x8e_gcc_rel.a(startup_sam3xa.o)
                0x0000000000080000                exception_table
 *(.text .text.* .gnu.linkonce.t.*)
 .text          0x00000000000800f4       0x54 /Users/irenecasares/Library/Arduino15/packages/arduino/tools/arm-none-eabi-gcc/4.8.3-2014q1/bin/../lib/gcc/arm-none-eabi/4.8.3/armv7-m/crtbegin.o
 .text._ZN6RA88765writeEh
                0x0000000000080148       0x16 /private/var/folders/dg/qs09sntx2l57tcph295m5c6h0000gn/T/arduino/sketches/756C8A719E408CC83410B907C30ACF5E/sketch/RA8876_v2.cpp.o
                0x0000000000080148                RA8876::write(unsigned char)
 .text._ZN8SPIClass8transferEh15SPITransferMode
                0x000000000008015e       0x12 /private/var/folders/dg/qs09sntx2l57tcph295m5c6h0000gn/T/arduino/sketches/756C8A719E408CC83410B907C30ACF5E/sketch/RA8876_v2.cpp.o
                0x000000000008015e                SPIClass::transfer(unsigned char, SPITransferMode)
 .text._ZN8SPIClass16beginTransactionE11SPISettings
                0x0000000000080170       0x12 /private/var/folders/dg/qs09sntx2l57tcph295m5c6h0000gn/T/arduino/sketches/756C8A719E408CC83410B907C30ACF5E/sketch/RA8876_v2.cpp.o
                0x0000000000080170                SPIClass::beginTransaction(SPISettings)
 .text._ZN6RA887610_hardResetEv
                0x0000000000080182       0x2a /private/var/folders/dg/qs09sntx2l57tcph295m5c6h0000gn/T/arduino/sketches/756C8A719E408CC83410B907C30ACF5E/sketch/RA8876_v2.cpp.o
                0x0000000000080182                RA8876::_hardReset()
 .text._ZN6RA88769_writeCmdEh
                0x00000000000801ac       0x34 /private/var/folders/dg/qs09sntx2l57tcph295m5c6h0000gn/T/arduino/sketches/756C8A719E408CC83410B907C30ACF5E/sketch/RA8876_v2.cpp.o
                0x00000000000801ac                RA8876::_writeCmd(unsigned char)
 .text._ZN6RA887610_writeDataEh
                0x00000000000801e0       0x34 /private/var/folders/dg/qs09sntx2l57tcph295m5c6h0000gn/T/arduino/sketches/756C8A719E408CC83410B907C30ACF5E/sketch/RA8876_v2.cpp.o
                0x00000000000801e0                RA8876::_writeData(unsigned char)
 .text._ZN6RA887615_writeData16bbpEt
                0x0000000000080214       0x40 /private/var/folders/dg/qs09sntx2l57tcph295m5c6h0000gn/T/arduino/sketches/756C8A719E408CC83410B907C30ACF5E/sketch/RA8876_v2.cpp.o
                0x0000000000080214                RA8876::_writeData16bbp(unsigned short)
 .text._ZN6RA88769_readDataEv
                0x0000000000080254       0x34 /private/var/folders/dg/qs09sntx2l57tcph295m5c6h0000gn/T/arduino/sketches/756C8A719E408CC83410B907C30ACF5E/sketch/RA8876_v2.cpp.o
                0x0000000000080254                RA8876::_readData()
 .text._ZN6RA887611_readStatusEv
                0x0000000000080288       0x34 /private/var/folders/dg/qs09sntx2l57tcph295m5c6h0000gn/T/arduino/sketches/756C8A719E408CC83410B907C30ACF5E/sketch/RA8876_v2.cpp.o
                0x0000000000080288                RA8876::_readStatus()
 .text._ZN6RA887613_waitTaskBusyEv
                0x00000000000802bc       0x10 /private/var/folders/dg/qs09sntx2l57tcph295m5c6h0000gn/T/arduino/sketches/756C8A719E408CC83410B907C30ACF5E/sketch/RA8876_v2.cpp.o
                0x00000000000802bc                RA8876::_waitTaskBusy()
 .text._ZN6RA887614_waitWriteFifoEv
                0x00000000000802cc       0x10 /private/var/folders/dg/qs09sntx2l57tcph295m5c6h0000gn/T/arduino/sketches/756C8A719E408CC83410B907C30ACF5E/sketch/RA8876_v2.cpp.o
                0x00000000000802cc                RA8876::_waitWriteFifo()
 .text._ZN6RA88769_writeRegEhh
                0x00000000000802dc       0x16 /private/var/folders/dg/qs09sntx2l57tcph295m5c6h0000gn/T/arduino/sketches/756C8A719E408CC83410B907C30ACF5E/sketch/RA8876_v2.cpp.o
                0x00000000000802dc                RA8876::_writeReg(unsigned char, unsigned char)
 *fill*         0x00000000000802f2        0x2 
 .text._ZN6RA887610_softResetEv
                0x00000000000802f4       0x48 /private/var/folders/dg/qs09sntx2l57tcph295m5c6h0000gn/T/arduino/sketches/756C8A719E408CC83410B907C30ACF5E/sketch/RA8876_v2.cpp.o
                0x00000000000802f4                RA8876::_softReset()
 .text._ZN6RA887611_writeReg16Eht
                0x000000000008033c       0x2a /private/var/folders/dg/qs09sntx2l57tcph295m5c6h0000gn/T/arduino/sketches/756C8A719E408CC83410B907C30ACF5E/sketch/RA8876_v2.cpp.o
                0x000000000008033c                RA8876::_writeReg16(unsigned char, unsigned short)
 .text._ZN6RA887611_writeReg32Ehm
                0x0000000000080366       0x52 /private/var/folders/dg/qs09sntx2l57tcph295m5c6h0000gn/T/arduino/sketches/756C8A719E408CC83410B907C30ACF5E/sketch/RA8876_v2.cpp.o
                0x0000000000080366                RA8876::_writeReg32(unsigned char, unsigned long)
 .text._ZN6RA88768_readRegEh
                0x00000000000803b8       0x12 /private/var/folders/dg/qs09sntx2l57tcph295m5c6h0000gn/T/arduino/sketches/756C8A719E408CC83410B907C30ACF5E/sketch/RA8876_v2.cpp.o
                0x00000000000803b8                RA8876::_readReg(unsigned char)
 .text._ZN6RA887610_readReg16Eh
                0x00000000000803ca       0x2a /private/var/folders/dg/qs09sntx2l57tcph295m5c6h0000gn/T/arduino/sketches/756C8A719E408CC83410B907C30ACF5E/sketch/RA8876_v2.cpp.o
                0x00000000000803ca                RA8876::_readReg16(unsigned char)
 .text._ZN6RA887622_checkWriteFifoNotFullEv
                0x00000000000803f4       0x38 /private/var/folders/dg/qs09sntx2l57tcph295m5c6h0000gn/T/arduino/sketches/756C8A719E408CC83410B907C30ACF5E/sketch/RA8876_v2.cpp.o
                0x00000000000803f4                RA8876::_checkWriteFifoNotFull()
 .text._ZN6RA887620_checkWriteFifoEmptyEv
                0x000000000008042c       0x38 /private/var/folders/dg/qs09sntx2l57tcph295m5c6h0000gn/T/arduino/sketches/756C8A719E408CC83410B907C30ACF5E/sketch/RA8876_v2.cpp.o
                0x000000000008042c                RA8876::_checkWriteFifoEmpty()
 .text._ZN6RA887614_calcPllParamsEmiP9PllParams
                0x0000000000080464       0x82 /private/var/folders/dg/qs09sntx2l57tcph295m5c6h0000gn/T/arduino/sketches/756C8A719E408CC83410B907C30ACF5E/sketch/RA8876_v2.cpp.o
                0x0000000000080464                RA8876::_calcPllParams(unsigned long, int, PllParams*)
 *fill*         0x00000000000804e6        0x2 
 .text._ZN6RA887611_calcClocksEv
                0x00000000000804e8       0x88 /private/var/folders/dg/qs09sntx2l57tcph295m5c6h0000gn/T/arduino/sketches/756C8A719E408CC83410B907C30ACF5E/sketch/RA8876_v2.cpp.o
                0x00000000000804e8                RA8876::_calcClocks()
 .text._ZN6RA88768_initPLLEv
                0x0000000000080570       0xa4 /private/var/folders/dg/qs09sntx2l57tcph295m5c6h0000gn/T/arduino/sketches/756C8A719E408CC83410B907C30ACF5E/sketch/RA8876_v2.cpp.o
                0x0000000000080570                RA8876::_initPLL()
 .text._ZN6RA887611_initMemoryEP9SdramInfo
                0x0000000000080614       0xcc /private/var/folders/dg/qs09sntx2l57tcph295m5c6h0000gn/T/arduino/sketches/756C8A719E408CC83410B907C30ACF5E/sketch/RA8876_v2.cpp.o
                0x0000000000080614                RA8876::_initMemory(SdramInfo*)
 .text._ZN6RA887616_setGraphicsModeEv
                0x00000000000806e0       0x20 /private/var/folders/dg/qs09sntx2l57tcph295m5c6h0000gn/T/arduino/sketches/756C8A719E408CC83410B907C30ACF5E/sketch/RA8876_v2.cpp.o
                0x00000000000806e0                RA8876::_setGraphicsMode()
 .text._ZN6RA887612getTextSizeYEv
                0x0000000000080700       0x10 /private/var/folders/dg/qs09sntx2l57tcph295m5c6h0000gn/T/arduino/sketches/756C8A719E408CC83410B907C30ACF5E/sketch/RA8876_v2.cpp.o
                0x0000000000080700                RA8876::getTextSizeY()
 .text._ZN6RA8876C2Eii
                0x0000000000080710       0x54 /private/var/folders/dg/qs09sntx2l57tcph295m5c6h0000gn/T/arduino/sketches/756C8A719E408CC83410B907C30ACF5E/sketch/RA8876_v2.cpp.o
                0x0000000000080710                RA8876::RA8876(int, int)
                0x0000000000080710                RA8876::RA8876(int, int)
 .text._ZN6RA887615setCanvasWindowEtttt
                0x0000000000080764       0x70 /private/var/folders/dg/qs09sntx2l57tcph295m5c6h0000gn/T/arduino/sketches/756C8A719E408CC83410B907C30ACF5E/sketch/RA8876_v2.cpp.o
                0x0000000000080764                RA8876::setCanvasWindow(unsigned short, unsigned short, unsigned short, unsigned short)
 .text._ZN6RA887612_initDisplayEv
                0x00000000000807d4      0x254 /private/var/folders/dg/qs09sntx2l57tcph295m5c6h0000gn/T/arduino/sketches/756C8A719E408CC83410B907C30ACF5E/sketch/RA8876_v2.cpp.o
                0x00000000000807d4                RA8876::_initDisplay()
 .text._ZN6RA887623canvasImageStartAddressEm
                0x0000000000080a28       0x34 /private/var/folders/dg/qs09sntx2l57tcph295m5c6h0000gn/T/arduino/sketches/756C8A719E408CC83410B907C30ACF5E/sketch/RA8876_v2.cpp.o
                0x0000000000080a28                RA8876::canvasImageStartAddress(unsigned long)
 .text._ZN6RA887616canvasImageWidthEt
                0x0000000000080a5c       0x1c /private/var/folders/dg/qs09sntx2l57tcph295m5c6h0000gn/T/arduino/sketches/756C8A719E408CC83410B907C30ACF5E/sketch/RA8876_v2.cpp.o
                0x0000000000080a5c                RA8876::canvasImageWidth(unsigned short)
 .text._ZN6RA887616ramAccessPrepareEv
                0x0000000000080a78       0x2c /private/var/folders/dg/qs09sntx2l57tcph295m5c6h0000gn/T/arduino/sketches/756C8A719E408CC83410B907C30ACF5E/sketch/RA8876_v2.cpp.o
                0x0000000000080a78                RA8876::ramAccessPrepare()
 .text._ZN6RA887618selectInternalFontE8FontSize12FontEncoding
                0x0000000000080aa4       0x6c /private/var/folders/dg/qs09sntx2l57tcph295m5c6h0000gn/T/arduino/sketches/756C8A719E408CC83410B907C30ACF5E/sketch/RA8876_v2.cpp.o
                0x0000000000080aa4                RA8876::selectInternalFont(FontSize, FontEncoding)
 .text._ZN6RA887612setTextScaleEhh
                0x0000000000080b10       0x4c /private/var/folders/dg/qs09sntx2l57tcph295m5c6h0000gn/T/arduino/sketches/756C8A719E408CC83410B907C30ACF5E/sketch/RA8876_v2.cpp.o
                0x0000000000080b10                RA8876::setTextScale(unsigned char, unsigned char)
 .text._ZN6RA88764initEv
                0x0000000000080b5c       0xe0 /private/var/folders/dg/qs09sntx2l57tcph295m5c6h0000gn/T/arduino/sketches/756C8A719E408CC83410B907C30ACF5E/sketch/RA8876_v2.cpp.o
                0x0000000000080b5c                RA8876::init()
 .text._ZN6RA88769setCursorEtt
                0x0000000000080c3c       0x70 /private/var/folders/dg/qs09sntx2l57tcph295m5c6h0000gn/T/arduino/sketches/756C8A719E408CC83410B907C30ACF5E/sketch/RA8876_v2.cpp.o
                0x0000000000080c3c                RA8876::setCursor(unsigned short, unsigned short)
 .text._ZN6RA887622setTextForegroundColorEt
                0x0000000000080cac       0x34 /private/var/folders/dg/qs09sntx2l57tcph295m5c6h0000gn/T/arduino/sketches/756C8A719E408CC83410B907C30ACF5E/sketch/RA8876_v2.cpp.o
                0x0000000000080cac                RA8876::setTextForegroundColor(unsigned short)
 .text._ZN6RA887618_drawTwoPointShapeEttttthh
                0x0000000000080ce0       0x80 /private/var/folders/dg/qs09sntx2l57tcph295m5c6h0000gn/T/arduino/sketches/756C8A719E408CC83410B907C30ACF5E/sketch/RA8876_v2.cpp.o
                0x0000000000080ce0                RA8876::_drawTwoPointShape(unsigned short, unsigned short, unsigned short, unsigned short, unsigned short, unsigned char, unsigned char)
 .text._ZN6RA887622setTextBackgroundColorEt
                0x0000000000080d60       0x34 /private/var/folders/dg/qs09sntx2l57tcph295m5c6h0000gn/T/arduino/sketches/756C8A719E408CC83410B907C30ACF5E/sketch/RA8876_v2.cpp.o
                0x0000000000080d60                RA8876::setTextBackgroundColor(unsigned short)
 .text._ZN6RA887622setTextBackgroundTransEh
                0x0000000000080d94       0x4c /private/var/folders/dg/qs09sntx2l57tcph295m5c6h0000gn/T/arduino/sketches/756C8A719E408CC83410B907C30ACF5E/sketch/RA8876_v2.cpp.o
                0x0000000000080d94                RA8876::setTextBackgroundTrans(unsigned char)
 .text._ZN6RA887612_setTextModeEv
                0x0000000000080de0       0x40 /private/var/folders/dg/qs09sntx2l57tcph295m5c6h0000gn/T/arduino/sketches/756C8A719E408CC83410B907C30ACF5E/sketch/RA8876_v2.cpp.o
                0x0000000000080de0                RA8876::_setTextMode()
 .text._ZN6RA88765writeEPKhj
                0x0000000000080e20       0xc0 /private/var/folders/dg/qs09sntx2l57tcph295m5c6h0000gn/T/arduino/sketches/756C8A719E408CC83410B907C30ACF5E/sketch/RA8876_v2.cpp.o
                0x0000000000080e20                RA8876::write(unsigned char const*, unsigned int)
 .text._ZN6RA887612setTextColorEtth
                0x0000000000080ee0       0x20 /private/var/folders/dg/qs09sntx2l57tcph295m5c6h0000gn/T/arduino/sketches/756C8A719E408CC83410B907C30ACF5E/sketch/RA8876_v2.cpp.o
                0x0000000000080ee0                RA8876::setTextColor(unsigned short, unsigned short, unsigned char)
 .text._ZN6RA88769putStringEttPc
                0x0000000000080f00       0x68 /private/var/folders/dg/qs09sntx2l57tcph295m5c6h0000gn/T/arduino/sketches/756C8A719E408CC83410B907C30ACF5E/sketch/RA8876_v2.cpp.o
                0x0000000000080f00                RA8876::putString(unsigned short, unsigned short, char*)
 .text._ZN6RA887614setPixelCursorEtt
                0x0000000000080f68       0x3c /private/var/folders/dg/qs09sntx2l57tcph295m5c6h0000gn/T/arduino/sketches/756C8A719E408CC83410B907C30ACF5E/sketch/RA8876_v2.cpp.o
                0x0000000000080f68                RA8876::setPixelCursor(unsigned short, unsigned short)
 .text._ZN6RA887627bte_Source0_MemoryStartAddrEm
                0x0000000000080fa4       0x30 /private/var/folders/dg/qs09sntx2l57tcph295m5c6h0000gn/T/arduino/sketches/756C8A719E408CC83410B907C30ACF5E/sketch/RA8876_v2.cpp.o
                0x0000000000080fa4                RA8876::bte_Source0_MemoryStartAddr(unsigned long)
 .text._ZN6RA887622bte_Source0_ImageWidthEt
                0x0000000000080fd4       0x30 /private/var/folders/dg/qs09sntx2l57tcph295m5c6h0000gn/T/arduino/sketches/756C8A719E408CC83410B907C30ACF5E/sketch/RA8876_v2.cpp.o
                0x0000000000080fd4                RA8876::bte_Source0_ImageWidth(unsigned short)
 .text._ZN6RA887625bte_Source0_WindowStartXYEtt
                0x0000000000081004       0x3c /private/var/folders/dg/qs09sntx2l57tcph295m5c6h0000gn/T/arduino/sketches/756C8A719E408CC83410B907C30ACF5E/sketch/RA8876_v2.cpp.o
                0x0000000000081004                RA8876::bte_Source0_WindowStartXY(unsigned short, unsigned short)
 .text._ZN6RA887627bte_Source1_MemoryStartAddrEm
                0x0000000000081040       0x30 /private/var/folders/dg/qs09sntx2l57tcph295m5c6h0000gn/T/arduino/sketches/756C8A719E408CC83410B907C30ACF5E/sketch/RA8876_v2.cpp.o
                0x0000000000081040                RA8876::bte_Source1_MemoryStartAddr(unsigned long)
 .text._ZN6RA887622bte_Source1_ImageWidthEt
                0x0000000000081070       0x30 /private/var/folders/dg/qs09sntx2l57tcph295m5c6h0000gn/T/arduino/sketches/756C8A719E408CC83410B907C30ACF5E/sketch/RA8876_v2.cpp.o
                0x0000000000081070                RA8876::bte_Source1_ImageWidth(unsigned short)
 .text._ZN6RA887625bte_Source1_WindowStartXYEtt
                0x00000000000810a0       0x3c /private/var/folders/dg/qs09sntx2l57tcph295m5c6h0000gn/T/arduino/sketches/756C8A719E408CC83410B907C30ACF5E/sketch/RA8876_v2.cpp.o
                0x00000000000810a0                RA8876::bte_Source1_WindowStartXY(unsigned short, unsigned short)
 .text._ZN6RA887630bte_DestinationMemoryStartAddrEm
                0x00000000000810dc       0x30 /private/var/folders/dg/qs09sntx2l57tcph295m5c6h0000gn/T/arduino/sketches/756C8A719E408CC83410B907C30ACF5E/sketch/RA8876_v2.cpp.o
                0x00000000000810dc                RA8876::bte_DestinationMemoryStartAddr(unsigned long)
 .text._ZN6RA887625bte_DestinationImageWidthEt
                0x000000000008110c       0x30 /private/var/folders/dg/qs09sntx2l57tcph295m5c6h0000gn/T/arduino/sketches/756C8A719E408CC83410B907C30ACF5E/sketch/RA8876_v2.cpp.o
                0x000000000008110c                RA8876::bte_DestinationImageWidth(unsigned short)
 .text._ZN6RA887628bte_DestinationWindowStartXYEtt
                0x000000000008113c       0x3c /private/var/folders/dg/qs09sntx2l57tcph295m5c6h0000gn/T/arduino/sketches/756C8A719E408CC83410B907C30ACF5E/sketch/RA8876_v2.cpp.o
                0x000000000008113c                RA8876::bte_DestinationWindowStartXY(unsigned short, unsigned short)
 .text._ZN6RA887614bte_WindowSizeEtt
                0x0000000000081178       0x3c /private/var/folders/dg/qs09sntx2l57tcph295m5c6h0000gn/T/arduino/sketches/756C8A719E408CC83410B907C30ACF5E/sketch/RA8876_v2.cpp.o
                0x0000000000081178                RA8876::bte_WindowSize(unsigned short, unsigned short)
 .text._ZN6RA887613bteMemoryCopyEmtttmttttt
                0x00000000000811b4       0xb8 /private/var/folders/dg/qs09sntx2l57tcph295m5c6h0000gn/T/arduino/sketches/756C8A719E408CC83410B907C30ACF5E/sketch/RA8876_v2.cpp.o
                0x00000000000811b4                RA8876::bteMemoryCopy(unsigned long, unsigned short, unsigned short, unsigned short, unsigned long, unsigned short, unsigned short, unsigned short, unsigned short, unsigned short)
 .text._ZN6RA887620bteMemoryCopyWithROPEmtttmtttmttttth
                0x000000000008126c       0xf0 /private/var/folders/dg/qs09sntx2l57tcph295m5c6h0000gn/T/arduino/sketches/756C8A719E408CC83410B907C30ACF5E/sketch/RA8876_v2.cpp.o
                0x000000000008126c                RA8876::bteMemoryCopyWithROP(unsigned long, unsigned short, unsigned short, unsigned short, unsigned long, unsigned short, unsigned short, unsigned short, unsigned long, unsigned short, unsigned short, unsigned short, unsigned short, unsigned short, unsigned char)
 .text._ZN6RA887626bteMemoryCopyWithChromaKeyEmtttmtttttt
                0x000000000008135c       0xc4 /private/var/folders/dg/qs09sntx2l57tcph295m5c6h0000gn/T/arduino/sketches/756C8A719E408CC83410B907C30ACF5E/sketch/RA8876_v2.cpp.o
                0x000000000008135c                RA8876::bteMemoryCopyWithChromaKey(unsigned long, unsigned short, unsigned short, unsigned short, unsigned long, unsigned short, unsigned short, unsigned short, unsigned short, unsigned short, unsigned short)
 .text._ZN6RA887618bteMpuWriteWithROPEmtttmttttthPKt
                0x0000000000081420       0xfc /private/var/folders/dg/qs09sntx2l57tcph295m5c6h0000gn/T/arduino/sketches/756C8A719E408CC83410B907C30ACF5E/sketch/RA8876_v2.cpp.o
                0x0000000000081420                RA8876::bteMpuWriteWithROP(unsigned long, unsigned short, unsigned short, unsigned short, unsigned long, unsigned short, unsigned short, unsigned short, unsigned short, unsigned short, unsigned char, unsigned short const*)
 .text._ZN6RA887618bteMpuWriteWithROPEmtttmttttthPKh
                0x000000000008151c       0xfc /private/var/folders/dg/qs09sntx2l57tcph295m5c6h0000gn/T/arduino/sketches/756C8A719E408CC83410B907C30ACF5E/sketch/RA8876_v2.cpp.o
                0x000000000008151c                RA8876::bteMpuWriteWithROP(unsigned long, unsigned short, unsigned short, unsigned short, unsigned long, unsigned short, unsigned short, unsigned short, unsigned short, unsigned short, unsigned char, unsigned char const*)
 .text._ZN6RA887624bteMpuWriteWithChromaKeyEmttttttPKt
                0x0000000000081618       0xcc /private/var/folders/dg/qs09sntx2l57tcph295m5c6h0000gn/T/arduino/sketches/756C8A719E408CC83410B907C30ACF5E/sketch/RA8876_v2.cpp.o
                0x0000000000081618                RA8876::bteMpuWriteWithChromaKey(unsigned long, unsigned short, unsigned short, unsigned short, unsigned short, unsigned short, unsigned short, unsigned short const*)
 .text._ZN6RA887624bteMpuWriteWithChromaKeyEmttttttPKh
                0x00000000000816e4       0xcc /private/var/folders/dg/qs09sntx2l57tcph295m5c6h0000gn/T/arduino/sketches/756C8A719E408CC83410B907C30ACF5E/sketch/RA8876_v2.cpp.o
                0x00000000000816e4                RA8876::bteMpuWriteWithChromaKey(unsigned long, unsigned short, unsigned short, unsigned short, unsigned short, unsigned short, unsigned short, unsigned char const*)
 .text._ZN6RA887625bteMpuWriteColorExpansionEmtttttttPKh
                0x00000000000817b0       0xe0 /private/var/folders/dg/qs09sntx2l57tcph295m5c6h0000gn/T/arduino/sketches/756C8A719E408CC83410B907C30ACF5E/sketch/RA8876_v2.cpp.o
                0x00000000000817b0                RA8876::bteMpuWriteColorExpansion(unsigned long, unsigned short, unsigned short, unsigned short, unsigned short, unsigned short, unsigned short, unsigned short, unsigned char const*)
 .text._ZN6RA887638bteMpuWriteColorExpansionWithChromaKeyEmtttttttPKh
                0x0000000000081890       0xe0 /private/var/folders/dg/qs09sntx2l57tcph295m5c6h0000gn/T/arduino/sketches/756C8A719E408CC83410B907C30ACF5E/sketch/RA8876_v2.cpp.o
                0x0000000000081890                RA8876::bteMpuWriteColorExpansionWithChromaKey(unsigned long, unsigned short, unsigned short, unsigned short, unsigned short, unsigned short, unsigned short, unsigned short, unsigned char const*)
 .text._ZN6RA887616putPicture_16bppEttttPKt
                0x0000000000081970       0xa6 /private/var/folders/dg/qs09sntx2l57tcph295m5c6h0000gn/T/arduino/sketches/756C8A719E408CC83410B907C30ACF5E/sketch/RA8876_v2.cpp.o
                0x0000000000081970                RA8876::putPicture_16bpp(unsigned short, unsigned short, unsigned short, unsigned short, unsigned short const*)
 *fill*         0x0000000000081a16        0x2 
 .text._Z10clearPage1v
                0x0000000000081a18       0x50 /private/var/folders/dg/qs09sntx2l57tcph295m5c6h0000gn/T/arduino/sketches/756C8A719E408CC83410B907C30ACF5E/sketch/RA8876_v2_BTE.ino.cpp.o
                0x0000000000081a18                clearPage1()
 .text.loop     0x0000000000081a68      0x4dc /private/var/folders/dg/qs09sntx2l57tcph295m5c6h0000gn/T/arduino/sketches/756C8A719E408CC83410B907C30ACF5E/sketch/RA8876_v2_BTE.ino.cpp.o
                0x0000000000081a68                loop
 .text.startup._GLOBAL__sub_I_tft
                0x0000000000081f44       0x10 /private/var/folders/dg/qs09sntx2l57tcph295m5c6h0000gn/T/arduino/sketches/756C8A719E408CC83410B907C30ACF5E/sketch/RA8876_v2_BTE.ino.cpp.o
 .text.setup    0x0000000000081f54       0x80 /private/var/folders/dg/qs09sntx2l57tcph295m5c6h0000gn/T/arduino/sketches/756C8A719E408CC83410B907C30ACF5E/sketch/RA8876_v2_BTE.ino.cpp.o
                0x0000000000081f54                setup
 .text._ZL10SPI_0_Initv
                0x0000000000081fd4       0x48 /private/var/folders/dg/qs09sntx2l57tcph295m5c6h0000gn/T/arduino/sketches/756C8A719E408CC83410B907C30ACF5E/libraries/SPI/SPI.cpp.o
 .text._ZN8SPIClass4initEv
                0x000000000008201c       0x36 /private/var/folders/dg/qs09sntx2l57tcph295m5c6h0000gn/T/arduino/sketches/756C8A719E408CC83410B907C30ACF5E/libraries/SPI/SPI.cpp.o
                0x000000000008201c                SPIClass::init()
 *fill*         0x0000000000082052        0x2 
 .text._ZN8SPIClass16beginTransactionEh11SPISettings
                0x0000000000082054       0x98 /private/var/folders/dg/qs09sntx2l57tcph295m5c6h0000gn/T/arduino/sketches/756C8A719E408CC83410B907C30ACF5E/libraries/SPI/SPI.cpp.o
                0x0000000000082054                SPIClass::beginTransaction(unsigned char, SPISettings)
 .text._ZN8SPIClass14endTransactionEv
                0x00000000000820ec       0x50 /private/var/folders/dg/qs09sntx2l57tcph295m5c6h0000gn/T/arduino/sketches/756C8A719E408CC83410B907C30ACF5E/libraries/SPI/SPI.cpp.o
                0x00000000000820ec                SPIClass::endTransaction()
 .text._ZN8SPIClass11setDataModeEhh
                0x000000000008213c       0x34 /private/var/folders/dg/qs09sntx2l57tcph295m5c6h0000gn/T/arduino/sketches/756C8A719E408CC83410B907C30ACF5E/libraries/SPI/SPI.cpp.o
                0x000000000008213c                SPIClass::setDataMode(unsigned char, unsigned char)
 .text._ZN8SPIClass15setClockDividerEhh
                0x0000000000082170       0x2e /private/var/folders/dg/qs09sntx2l57tcph295m5c6h0000gn/T/arduino/sketches/756C8A719E408CC83410B907C30ACF5E/libraries/SPI/SPI.cpp.o
                0x0000000000082170                SPIClass::setClockDivider(unsigned char, unsigned char)
 .text._ZN8SPIClass5beginEv
                0x000000000008219e       0x22 /private/var/folders/dg/qs09sntx2l57tcph295m5c6h0000gn/T/arduino/sketches/756C8A719E408CC83410B907C30ACF5E/libraries/SPI/SPI.cpp.o
                0x000000000008219e                SPIClass::begin()
 .text._ZN8SPIClass8transferEhh15SPITransferMode
                0x00000000000821c0       0x5e /private/var/folders/dg/qs09sntx2l57tcph295m5c6h0000gn/T/arduino/sketches/756C8A719E408CC83410B907C30ACF5E/libraries/SPI/SPI.cpp.o
                0x00000000000821c0                SPIClass::transfer(unsigned char, unsigned char, SPITransferMode)
 *fill*         0x000000000008221e        0x2 
 .text.startup._GLOBAL__sub_I__ZN8SPIClassC2EP3SpimPFvvE
                0x0000000000082220       0x24 /private/var/folders/dg/qs09sntx2l57tcph295m5c6h0000gn/T/arduino/sketches/756C8A719E408CC83410B907C30ACF5E/libraries/SPI/SPI.cpp.o
 .text._ZN8SdVolume4initEP7Sd2Card
                0x0000000000082244       0x20 /private/var/folders/dg/qs09sntx2l57tcph295m5c6h0000gn/T/arduino/sketches/756C8A719E408CC83410B907C30ACF5E/libraries/SD/SD.cpp.o
                0x0000000000082244                SdVolume::init(Sd2Card*)
 .text._ZN5SDLib7SDClass5beginEh
                0x0000000000082264       0x44 /private/var/folders/dg/qs09sntx2l57tcph295m5c6h0000gn/T/arduino/sketches/756C8A719E408CC83410B907C30ACF5E/libraries/SD/SD.cpp.o
                0x0000000000082264                SDLib::SDClass::begin(unsigned char)
 .text.startup._GLOBAL__sub_I__ZN5SDLib20getNextPathComponentEPKcPjPc
                0x00000000000822a8       0x28 /private/var/folders/dg/qs09sntx2l57tcph295m5c6h0000gn/T/arduino/sketches/756C8A719E408CC83410B907C30ACF5E/libraries/SD/SD.cpp.o
 .text._ZL7spiSendh
                0x00000000000822d0       0x10 /private/var/folders/dg/qs09sntx2l57tcph295m5c6h0000gn/T/arduino/sketches/756C8A719E408CC83410B907C30ACF5E/libraries/SD/utility/Sd2Card.cpp.o
 .text._ZL6spiRecv
                0x00000000000822e0       0x10 /private/var/folders/dg/qs09sntx2l57tcph295m5c6h0000gn/T/arduino/sketches/756C8A719E408CC83410B907C30ACF5E/libraries/SD/utility/Sd2Card.cpp.o
 .text._ZN7Sd2Card14chipSelectHighEv
                0x00000000000822f0       0x28 /private/var/folders/dg/qs09sntx2l57tcph295m5c6h0000gn/T/arduino/sketches/756C8A719E408CC83410B907C30ACF5E/libraries/SD/utility/Sd2Card.cpp.o
                0x00000000000822f0                Sd2Card::chipSelectHigh()
 .text._ZN7Sd2Card13chipSelectLowEv
                0x0000000000082318       0x40 /private/var/folders/dg/qs09sntx2l57tcph295m5c6h0000gn/T/arduino/sketches/756C8A719E408CC83410B907C30ACF5E/libraries/SD/utility/Sd2Card.cpp.o
                0x0000000000082318                Sd2Card::chipSelectLow()
 .text._ZN7Sd2Card7readEndEv
                0x0000000000082358       0x2a /private/var/folders/dg/qs09sntx2l57tcph295m5c6h0000gn/T/arduino/sketches/756C8A719E408CC83410B907C30ACF5E/libraries/SD/utility/Sd2Card.cpp.o
                0x0000000000082358                Sd2Card::readEnd()
 *fill*         0x0000000000082382        0x2 
 .text._ZN7Sd2Card10setSckRateEh
                0x0000000000082384       0x58 /private/var/folders/dg/qs09sntx2l57tcph295m5c6h0000gn/T/arduino/sketches/756C8A719E408CC83410B907C30ACF5E/libraries/SD/utility/Sd2Card.cpp.o
                0x0000000000082384                Sd2Card::setSckRate(unsigned char)
 .text._ZN7Sd2Card11waitNotBusyEj
                0x00000000000823dc       0x24 /private/var/folders/dg/qs09sntx2l57tcph295m5c6h0000gn/T/arduino/sketches/756C8A719E408CC83410B907C30ACF5E/libraries/SD/utility/Sd2Card.cpp.o
                0x00000000000823dc                Sd2Card::waitNotBusy(unsigned int)
 .text._ZN7Sd2Card11cardCommandEhm
                0x0000000000082400       0x60 /private/var/folders/dg/qs09sntx2l57tcph295m5c6h0000gn/T/arduino/sketches/756C8A719E408CC83410B907C30ACF5E/libraries/SD/utility/Sd2Card.cpp.o
                0x0000000000082400                Sd2Card::cardCommand(unsigned char, unsigned long)
 .text._ZN7Sd2Card4initEhh
                0x0000000000082460      0x14c /private/var/folders/dg/qs09sntx2l57tcph295m5c6h0000gn/T/arduino/sketches/756C8A719E408CC83410B907C30ACF5E/libraries/SD/utility/Sd2Card.cpp.o
                0x0000000000082460                Sd2Card::init(unsigned char, unsigned char)
 .text._ZN7Sd2Card14waitStartBlockEv
                0x00000000000825ac       0x3a /private/var/folders/dg/qs09sntx2l57tcph295m5c6h0000gn/T/arduino/sketches/756C8A719E408CC83410B907C30ACF5E/libraries/SD/utility/Sd2Card.cpp.o
                0x00000000000825ac                Sd2Card::waitStartBlock()
 .text._ZN7Sd2Card8readDataEmttPh
                0x00000000000825e6       0xa4 /private/var/folders/dg/qs09sntx2l57tcph295m5c6h0000gn/T/arduino/sketches/756C8A719E408CC83410B907C30ACF5E/libraries/SD/utility/Sd2Card.cpp.o
                0x00000000000825e6                Sd2Card::readData(unsigned long, unsigned short, unsigned short, unsigned char*)
 .text._ZN7Sd2Card9readBlockEmPh
                0x000000000008268a       0x14 /private/var/folders/dg/qs09sntx2l57tcph295m5c6h0000gn/T/arduino/sketches/756C8A719E408CC83410B907C30ACF5E/libraries/SD/utility/Sd2Card.cpp.o
                0x000000000008268a                Sd2Card::readBlock(unsigned long, unsigned char*)
 .text._ZN7Sd2Card9writeDataEhPKh
                0x000000000008269e       0x48 /private/var/folders/dg/qs09sntx2l57tcph295m5c6h0000gn/T/arduino/sketches/756C8A719E408CC83410B907C30ACF5E/libraries/SD/utility/Sd2Card.cpp.o
                0x000000000008269e                Sd2Card::writeData(unsigned char, unsigned char const*)
 .text._ZN7Sd2Card10writeBlockEmPKhh
                0x00000000000826e6       0x70 /private/var/folders/dg/qs09sntx2l57tcph295m5c6h0000gn/T/arduino/sketches/756C8A719E408CC83410B907C30ACF5E/libraries/SD/utility/Sd2Card.cpp.o
                0x00000000000826e6                Sd2Card::writeBlock(unsigned long, unsigned char const*, unsigned char)
 *fill*         0x0000000000082756        0x2 
 .text.startup._GLOBAL__sub_I__ZN7Sd2Card11cardCommandEhm
                0x0000000000082758       0x14 /private/var/folders/dg/qs09sntx2l57tcph295m5c6h0000gn/T/arduino/sketches/756C8A719E408CC83410B907C30ACF5E/libraries/SD/utility/Sd2Card.cpp.o
 .text._ZN6SdFile10addClusterEv
                0x000000000008276c       0x2e /private/var/folders/dg/qs09sntx2l57tcph295m5c6h0000gn/T/arduino/sketches/756C8A719E408CC83410B907C30ACF5E/libraries/SD/utility/SdFile.cpp.o
                0x000000000008276c                SdFile::addCluster()
 *fill*         0x000000000008279a        0x2 
 .text._ZN6SdFile13cacheDirEntryEh
                0x000000000008279c       0x1c /private/var/folders/dg/qs09sntx2l57tcph295m5c6h0000gn/T/arduino/sketches/756C8A719E408CC83410B907C30ACF5E/libraries/SD/utility/SdFile.cpp.o
                0x000000000008279c                SdFile::cacheDirEntry(unsigned char)
 .text._ZN6SdFile8openRootEP8SdVolume
                0x00000000000827b8       0x50 /private/var/folders/dg/qs09sntx2l57tcph295m5c6h0000gn/T/arduino/sketches/756C8A719E408CC83410B907C30ACF5E/libraries/SD/utility/SdFile.cpp.o
                0x00000000000827b8                SdFile::openRoot(SdVolume*)
 .text._ZN6SdFile7seekSetEm
                0x0000000000082808       0x5e /private/var/folders/dg/qs09sntx2l57tcph295m5c6h0000gn/T/arduino/sketches/756C8A719E408CC83410B907C30ACF5E/libraries/SD/utility/SdFile.cpp.o
                0x0000000000082808                SdFile::seekSet(unsigned long)
 *fill*         0x0000000000082866        0x2 
 .text._ZN6SdFile4syncEh
                0x0000000000082868       0x64 /private/var/folders/dg/qs09sntx2l57tcph295m5c6h0000gn/T/arduino/sketches/756C8A719E408CC83410B907C30ACF5E/libraries/SD/utility/SdFile.cpp.o
                0x0000000000082868                SdFile::sync(unsigned char)
 .text._ZN6SdFile5closeEv
                0x00000000000828cc       0x14 /private/var/folders/dg/qs09sntx2l57tcph295m5c6h0000gn/T/arduino/sketches/756C8A719E408CC83410B907C30ACF5E/libraries/SD/utility/SdFile.cpp.o
                0x00000000000828cc                SdFile::close()
 .text._ZN6SdFile5writeEPKvt
                0x00000000000828e0      0x1a0 /private/var/folders/dg/qs09sntx2l57tcph295m5c6h0000gn/T/arduino/sketches/756C8A719E408CC83410B907C30ACF5E/libraries/SD/utility/SdFile.cpp.o
                0x00000000000828e0                SdFile::write(void const*, unsigned short)
 .text._ZN6SdFile5writeEh
                0x0000000000082a80       0x16 /private/var/folders/dg/qs09sntx2l57tcph295m5c6h0000gn/T/arduino/sketches/756C8A719E408CC83410B907C30ACF5E/libraries/SD/utility/SdFile.cpp.o
                0x0000000000082a80                SdFile::write(unsigned char)
 *fill*         0x0000000000082a96        0x2 
 .text._ZN8SdVolume21cacheMirrorBlockFlushEh
                0x0000000000082a98       0x2c /private/var/folders/dg/qs09sntx2l57tcph295m5c6h0000gn/T/arduino/sketches/756C8A719E408CC83410B907C30ACF5E/libraries/SD/utility/SdVolume.cpp.o
                0x0000000000082a98                SdVolume::cacheMirrorBlockFlush(unsigned char)
 .text._ZN8SdVolume10cacheFlushEh
                0x0000000000082ac4       0x40 /private/var/folders/dg/qs09sntx2l57tcph295m5c6h0000gn/T/arduino/sketches/756C8A719E408CC83410B907C30ACF5E/libraries/SD/utility/SdVolume.cpp.o
                0x0000000000082ac4                SdVolume::cacheFlush(unsigned char)
 .text._ZN8SdVolume13cacheRawBlockEmh
                0x0000000000082b04       0x48 /private/var/folders/dg/qs09sntx2l57tcph295m5c6h0000gn/T/arduino/sketches/756C8A719E408CC83410B907C30ACF5E/libraries/SD/utility/SdVolume.cpp.o
                0x0000000000082b04                SdVolume::cacheRawBlock(unsigned long, unsigned char)
 .text._ZNK8SdVolume6fatGetEmPm
                0x0000000000082b4c       0x64 /private/var/folders/dg/qs09sntx2l57tcph295m5c6h0000gn/T/arduino/sketches/756C8A719E408CC83410B907C30ACF5E/libraries/SD/utility/SdVolume.cpp.o
                0x0000000000082b4c                SdVolume::fatGet(unsigned long, unsigned long*) const
 .text._ZNK8SdVolume9chainSizeEmPm
                0x0000000000082bb0       0x44 /private/var/folders/dg/qs09sntx2l57tcph295m5c6h0000gn/T/arduino/sketches/756C8A719E408CC83410B907C30ACF5E/libraries/SD/utility/SdVolume.cpp.o
                0x0000000000082bb0                SdVolume::chainSize(unsigned long, unsigned long*) const
 .text._ZN8SdVolume6fatPutEmm
                0x0000000000082bf4       0x84 /private/var/folders/dg/qs09sntx2l57tcph295m5c6h0000gn/T/arduino/sketches/756C8A719E408CC83410B907C30ACF5E/libraries/SD/utility/SdVolume.cpp.o
                0x0000000000082bf4                SdVolume::fatPut(unsigned long, unsigned long)
 .text._ZN8SdVolume15allocContiguousEmPm
                0x0000000000082c78       0xb4 /private/var/folders/dg/qs09sntx2l57tcph295m5c6h0000gn/T/arduino/sketches/756C8A719E408CC83410B907C30ACF5E/libraries/SD/utility/SdVolume.cpp.o
                0x0000000000082c78                SdVolume::allocContiguous(unsigned long, unsigned long*)
 .text._ZN8SdVolume4initEP7Sd2Cardh
                0x0000000000082d2c       0xf4 /private/var/folders/dg/qs09sntx2l57tcph295m5c6h0000gn/T/arduino/sketches/756C8A719E408CC83410B907C30ACF5E/libraries/SD/utility/SdVolume.cpp.o
                0x0000000000082d2c                SdVolume::init(Sd2Card*, unsigned char)
 .text._Z11serialEventv
                0x0000000000082e20        0x2 /private/var/folders/dg/qs09sntx2l57tcph295m5c6h0000gn/T/arduino/sketches/756C8A719E408CC83410B907C30ACF5E/core/variant.cpp.o
                0x0000000000082e20                serialEvent()
 *fill*         0x0000000000082e22        0x2 
 .text.UART_Handler
                0x0000000000082e24        0xc /private/var/folders/dg/qs09sntx2l57tcph295m5c6h0000gn/T/arduino/sketches/756C8A719E408CC83410B907C30ACF5E/core/variant.cpp.o
                0x0000000000082e24                UART_Handler
 .text._Z12serialEvent1v
                0x0000000000082e30        0x2 /private/var/folders/dg/qs09sntx2l57tcph295m5c6h0000gn/T/arduino/sketches/756C8A719E408CC83410B907C30ACF5E/core/variant.cpp.o
                0x0000000000082e30                serialEvent1()
 .text._Z12serialEvent2v
                0x0000000000082e32        0x2 /private/var/folders/dg/qs09sntx2l57tcph295m5c6h0000gn/T/arduino/sketches/756C8A719E408CC83410B907C30ACF5E/core/variant.cpp.o
                0x0000000000082e32                serialEvent2()
 .text._Z12serialEvent3v
                0x0000000000082e34        0x2 /private/var/folders/dg/qs09sntx2l57tcph295m5c6h0000gn/T/arduino/sketches/756C8A719E408CC83410B907C30ACF5E/core/variant.cpp.o
                0x0000000000082e34                serialEvent3()
 *fill*         0x0000000000082e36        0x2 
 .text.USART0_Handler
                0x0000000000082e38        0xc /private/var/folders/dg/qs09sntx2l57tcph295m5c6h0000gn/T/arduino/sketches/756C8A719E408CC83410B907C30ACF5E/core/variant.cpp.o
                0x0000000000082e38                USART0_Handler
 .text.USART1_Handler
                0x0000000000082e44        0xc /private/var/folders/dg/qs09sntx2l57tcph295m5c6h0000gn/T/arduino/sketches/756C8A719E408CC83410B907C30ACF5E/core/variant.cpp.o
                0x0000000000082e44                USART1_Handler
 .text.USART3_Handler
                0x0000000000082e50        0xc /private/var/folders/dg/qs09sntx2l57tcph295m5c6h0000gn/T/arduino/sketches/756C8A719E408CC83410B907C30ACF5E/core/variant.cpp.o
                0x0000000000082e50                USART3_Handler
 .text.init     0x0000000000082e5c      0x128 /private/var/folders/dg/qs09sntx2l57tcph295m5c6h0000gn/T/arduino/sketches/756C8A719E408CC83410B907C30ACF5E/core/variant.cpp.o
                0x0000000000082e5c                init
 .text.startup._GLOBAL__sub_I_g_APinDescription
                0x0000000000082f84       0xd4 /private/var/folders/dg/qs09sntx2l57tcph295m5c6h0000gn/T/arduino/sketches/756C8A719E408CC83410B907C30ACF5E/core/variant.cpp.o
 .text._Z14serialEventRunv
                0x0000000000083058       0x44 /private/var/folders/dg/qs09sntx2l57tcph295m5c6h0000gn/T/arduino/sketches/756C8A719E408CC83410B907C30ACF5E/core/variant.cpp.o
                0x0000000000083058                serialEventRun()
 .text.PIO_PullUp
                0x000000000008309c        0xa /Users/irenecasares/Library/Arduino15/packages/arduino/hardware/sam/1.6.12/variants/arduino_due_x/libsam_sam3x8e_gcc_rel.a(pio.o)
                0x000000000008309c                PIO_PullUp
 .text.PIO_SetPeripheral
                0x00000000000830a6       0x26 /Users/irenecasares/Library/Arduino15/packages/arduino/hardware/sam/1.6.12/variants/arduino_due_x/libsam_sam3x8e_gcc_rel.a(pio.o)
                0x00000000000830a6                PIO_SetPeripheral
 .text.PIO_SetInput
                0x00000000000830cc       0x26 /Users/irenecasares/Library/Arduino15/packages/arduino/hardware/sam/1.6.12/variants/arduino_due_x/libsam_sam3x8e_gcc_rel.a(pio.o)
                0x00000000000830cc                PIO_SetInput
 .text.PIO_SetOutput
                0x00000000000830f2       0x24 /Users/irenecasares/Library/Arduino15/packages/arduino/hardware/sam/1.6.12/variants/arduino_due_x/libsam_sam3x8e_gcc_rel.a(pio.o)
                0x00000000000830f2                PIO_SetOutput
 *fill*         0x0000000000083116        0x2 
 .text.PIO_Configure
                0x0000000000083118       0x64 /Users/irenecasares/Library/Arduino15/packages/arduino/hardware/sam/1.6.12/variants/arduino_due_x/libsam_sam3x8e_gcc_rel.a(pio.o)
                0x0000000000083118                PIO_Configure
 .text.PIO_GetOutputDataStatus
                0x000000000008317c       0x14 /Users/irenecasares/Library/Arduino15/packages/arduino/hardware/sam/1.6.12/variants/arduino_due_x/libsam_sam3x8e_gcc_rel.a(pio.o)
                0x000000000008317c                PIO_GetOutputDataStatus
 .text.pmc_enable_upll_clock
                0x0000000000083190       0x14 /Users/irenecasares/Library/Arduino15/packages/arduino/hardware/sam/1.6.12/variants/arduino_due_x/libsam_sam3x8e_gcc_rel.a(pmc.o)
                0x0000000000083190                pmc_enable_upll_clock
 .text.pmc_enable_periph_clk
                0x00000000000831a4       0x44 /Users/irenecasares/Library/Arduino15/packages/arduino/hardware/sam/1.6.12/variants/arduino_due_x/libsam_sam3x8e_gcc_rel.a(pmc.o)
                0x00000000000831a4                pmc_enable_periph_clk
 .text.pmc_disable_periph_clk
                0x00000000000831e8       0x40 /Users/irenecasares/Library/Arduino15/packages/arduino/hardware/sam/1.6.12/variants/arduino_due_x/libsam_sam3x8e_gcc_rel.a(pmc.o)
                0x00000000000831e8                pmc_disable_periph_clk
 .text.pmc_switch_udpck_to_upllck
                0x0000000000083228       0x14 /Users/irenecasares/Library/Arduino15/packages/arduino/hardware/sam/1.6.12/variants/arduino_due_x/libsam_sam3x8e_gcc_rel.a(pmc.o)
                0x0000000000083228                pmc_switch_udpck_to_upllck
 .text.pmc_enable_udpck
                0x000000000008323c        0xc /Users/irenecasares/Library/Arduino15/packages/arduino/hardware/sam/1.6.12/variants/arduino_due_x/libsam_sam3x8e_gcc_rel.a(pmc.o)
                0x000000000008323c                pmc_enable_udpck
 .text.SPI_Enable
                0x0000000000083248        0x6 /Users/irenecasares/Library/Arduino15/packages/arduino/hardware/sam/1.6.12/variants/arduino_due_x/libsam_sam3x8e_gcc_rel.a(spi.o)
                0x0000000000083248                SPI_Enable
 *fill*         0x000000000008324e        0x2 
 .text.SPI_Configure
                0x0000000000083250       0x20 /Users/irenecasares/Library/Arduino15/packages/arduino/hardware/sam/1.6.12/variants/arduino_due_x/libsam_sam3x8e_gcc_rel.a(spi.o)
                0x0000000000083250                SPI_Configure
 .text.SPI_ConfigureNPCS
                0x0000000000083270        0x8 /Users/irenecasares/Library/Arduino15/packages/arduino/hardware/sam/1.6.12/variants/arduino_due_x/libsam_sam3x8e_gcc_rel.a(spi.o)
                0x0000000000083270                SPI_ConfigureNPCS
 .text.SystemInit
                0x0000000000083278       0x88 /Users/irenecasares/Library/Arduino15/packages/arduino/hardware/sam/1.6.12/variants/arduino_due_x/libsam_sam3x8e_gcc_rel.a(system_sam3xa.o)
                0x0000000000083278                SystemInit
 .text.Reset_Handler
                0x0000000000083300       0x78 /Users/irenecasares/Library/Arduino15/packages/arduino/hardware/sam/1.6.12/variants/arduino_due_x/libsam_sam3x8e_gcc_rel.a(startup_sam3xa.o)
                0x0000000000083300                Reset_Handler
 .text.adc_init
                0x0000000000083378       0x98 /Users/irenecasares/Library/Arduino15/packages/arduino/hardware/sam/1.6.12/variants/arduino_due_x/libsam_sam3x8e_gcc_rel.a(adc.o)
                0x0000000000083378                adc_init
 .text.adc_configure_trigger
                0x0000000000083410        0xe /Users/irenecasares/Library/Arduino15/packages/arduino/hardware/sam/1.6.12/variants/arduino_due_x/libsam_sam3x8e_gcc_rel.a(adc.o)
                0x0000000000083410                adc_configure_trigger
 .text.adc_configure_timing
                0x000000000008341e       0x1a /Users/irenecasares/Library/Arduino15/packages/arduino/hardware/sam/1.6.12/variants/arduino_due_x/libsam_sam3x8e_gcc_rel.a(adc.o)
                0x000000000008341e                adc_configure_timing
 .text.adc_disable_channel
                0x0000000000083438        0xa /Users/irenecasares/Library/Arduino15/packages/arduino/hardware/sam/1.6.12/variants/arduino_due_x/libsam_sam3x8e_gcc_rel.a(adc.o)
                0x0000000000083438                adc_disable_channel
 .text.adc_disable_all_channel
                0x0000000000083442        0x8 /Users/irenecasares/Library/Arduino15/packages/arduino/hardware/sam/1.6.12/variants/arduino_due_x/libsam_sam3x8e_gcc_rel.a(adc.o)
                0x0000000000083442                adc_disable_all_channel
 .text.adc_disable_interrupt
                0x000000000008344a        0x4 /Users/irenecasares/Library/Arduino15/packages/arduino/hardware/sam/1.6.12/variants/arduino_due_x/libsam_sam3x8e_gcc_rel.a(adc.o)
                0x000000000008344a                adc_disable_interrupt
 *fill*         0x000000000008344e        0x2 
 .text.UOTGHS_Handler
                0x0000000000083450       0x10 /Users/irenecasares/Library/Arduino15/packages/arduino/hardware/sam/1.6.12/variants/arduino_due_x/libsam_sam3x8e_gcc_rel.a(uotghs.o)
                0x0000000000083450                UOTGHS_Handler
 .text._ZN5Print5writeEPKhj
                0x0000000000083460       0x22 /private/var/folders/dg/qs09sntx2l57tcph295m5c6h0000gn/T/arduino/sketches/756C8A719E408CC83410B907C30ACF5E/../../cores/arduino_sam_arduino_due_x_dbg_13e93a580f677a788431e7eba67fa1dc/core.a(Print.cpp.o)
                0x0000000000083460                Print::write(unsigned char const*, unsigned int)
 .text._ZN5Print5writeEPKc
                0x0000000000083482       0x1e /private/var/folders/dg/qs09sntx2l57tcph295m5c6h0000gn/T/arduino/sketches/756C8A719E408CC83410B907C30ACF5E/../../cores/arduino_sam_arduino_due_x_dbg_13e93a580f677a788431e7eba67fa1dc/core.a(Print.cpp.o)
                0x0000000000083482                Print::write(char const*)
 .text._ZN5Print7printlnEv
                0x00000000000834a0       0x10 /private/var/folders/dg/qs09sntx2l57tcph295m5c6h0000gn/T/arduino/sketches/756C8A719E408CC83410B907C30ACF5E/../../cores/arduino_sam_arduino_due_x_dbg_13e93a580f677a788431e7eba67fa1dc/core.a(Print.cpp.o)
                0x00000000000834a0                Print::println()
 .text._ZN5Print7printlnEPKc
                0x00000000000834b0       0x14 /private/var/folders/dg/qs09sntx2l57tcph295m5c6h0000gn/T/arduino/sketches/756C8A719E408CC83410B907C30ACF5E/../../cores/arduino_sam_arduino_due_x_dbg_13e93a580f677a788431e7eba67fa1dc/core.a(Print.cpp.o)
                0x00000000000834b0                Print::println(char const*)
 .text._ZN10RingBufferC2Ev
                0x00000000000834c4       0x1a /private/var/folders/dg/qs09sntx2l57tcph295m5c6h0000gn/T/arduino/sketches/756C8A719E408CC83410B907C30ACF5E/../../cores/arduino_sam_arduino_due_x_dbg_13e93a580f677a788431e7eba67fa1dc/core.a(RingBuffer.cpp.o)
                0x00000000000834c4                RingBuffer::RingBuffer()
                0x00000000000834c4                RingBuffer::RingBuffer()
 .text._ZN10RingBuffer10store_charEh
                0x00000000000834de       0x1e /private/var/folders/dg/qs09sntx2l57tcph295m5c6h0000gn/T/arduino/sketches/756C8A719E408CC83410B907C30ACF5E/../../cores/arduino_sam_arduino_due_x_dbg_13e93a580f677a788431e7eba67fa1dc/core.a(RingBuffer.cpp.o)
                0x00000000000834de                RingBuffer::store_char(unsigned char)
 .text._ZN9UARTClasscvbEv
                0x00000000000834fc        0x4 /private/var/folders/dg/qs09sntx2l57tcph295m5c6h0000gn/T/arduino/sketches/756C8A719E408CC83410B907C30ACF5E/../../cores/arduino_sam_arduino_due_x_dbg_13e93a580f677a788431e7eba67fa1dc/core.a(UARTClass.cpp.o)
                0x00000000000834fc                UARTClass::operator bool()
 .text._ZN9UARTClass9availableEv
                0x0000000000083500       0x12 /private/var/folders/dg/qs09sntx2l57tcph295m5c6h0000gn/T/arduino/sketches/756C8A719E408CC83410B907C30ACF5E/../../cores/arduino_sam_arduino_due_x_dbg_13e93a580f677a788431e7eba67fa1dc/core.a(UARTClass.cpp.o)
                0x0000000000083500                UARTClass::available()
 .text._ZN9UARTClass4peekEv
                0x0000000000083512       0x1c /private/var/folders/dg/qs09sntx2l57tcph295m5c6h0000gn/T/arduino/sketches/756C8A719E408CC83410B907C30ACF5E/../../cores/arduino_sam_arduino_due_x_dbg_13e93a580f677a788431e7eba67fa1dc/core.a(UARTClass.cpp.o)
                0x0000000000083512                UARTClass::peek()
 .text._ZN9UARTClass4readEv
                0x000000000008352e       0x2a /private/var/folders/dg/qs09sntx2l57tcph295m5c6h0000gn/T/arduino/sketches/756C8A719E408CC83410B907C30ACF5E/../../cores/arduino_sam_arduino_due_x_dbg_13e93a580f677a788431e7eba67fa1dc/core.a(UARTClass.cpp.o)
                0x000000000008352e                UARTClass::read()
 .text._ZN9UARTClass5flushEv
                0x0000000000083558       0x18 /private/var/folders/dg/qs09sntx2l57tcph295m5c6h0000gn/T/arduino/sketches/756C8A719E408CC83410B907C30ACF5E/../../cores/arduino_sam_arduino_due_x_dbg_13e93a580f677a788431e7eba67fa1dc/core.a(UARTClass.cpp.o)
                0x0000000000083558                UARTClass::flush()
 .text._ZN9UARTClass5writeEh
                0x0000000000083570       0x54 /private/var/folders/dg/qs09sntx2l57tcph295m5c6h0000gn/T/arduino/sketches/756C8A719E408CC83410B907C30ACF5E/../../cores/arduino_sam_arduino_due_x_dbg_13e93a580f677a788431e7eba67fa1dc/core.a(UARTClass.cpp.o)
                0x0000000000083570                UARTClass::write(unsigned char)
 .text._ZN9UARTClass3endEv
                0x00000000000835c4       0x3c /private/var/folders/dg/qs09sntx2l57tcph295m5c6h0000gn/T/arduino/sketches/756C8A719E408CC83410B907C30ACF5E/../../cores/arduino_sam_arduino_due_x_dbg_13e93a580f677a788431e7eba67fa1dc/core.a(UARTClass.cpp.o)
                0x00000000000835c4                UARTClass::end()
 .text._ZN9UARTClassC2EP4Uart4IRQnmP10RingBufferS4_
                0x0000000000083600       0x24 /private/var/folders/dg/qs09sntx2l57tcph295m5c6h0000gn/T/arduino/sketches/756C8A719E408CC83410B907C30ACF5E/../../cores/arduino_sam_arduino_due_x_dbg_13e93a580f677a788431e7eba67fa1dc/core.a(UARTClass.cpp.o)
                0x0000000000083600                UARTClass::UARTClass(Uart*, IRQn, unsigned long, RingBuffer*, RingBuffer*)
                0x0000000000083600                UARTClass::UARTClass(Uart*, IRQn, unsigned long, RingBuffer*, RingBuffer*)
 .text._ZN9UARTClass4initEmm
                0x0000000000083624       0x70 /private/var/folders/dg/qs09sntx2l57tcph295m5c6h0000gn/T/arduino/sketches/756C8A719E408CC83410B907C30ACF5E/../../cores/arduino_sam_arduino_due_x_dbg_13e93a580f677a788431e7eba67fa1dc/core.a(UARTClass.cpp.o)
                0x0000000000083624                UARTClass::init(unsigned long, unsigned long)
 .text._ZN9UARTClass5beginEm
                0x0000000000083694        0x8 /private/var/folders/dg/qs09sntx2l57tcph295m5c6h0000gn/T/arduino/sketches/756C8A719E408CC83410B907C30ACF5E/../../cores/arduino_sam_arduino_due_x_dbg_13e93a580f677a788431e7eba67fa1dc/core.a(UARTClass.cpp.o)
                0x0000000000083694                UARTClass::begin(unsigned long)
 .text._ZN9UARTClass10IrqHandlerEv
                0x000000000008369c       0x5a /private/var/folders/dg/qs09sntx2l57tcph295m5c6h0000gn/T/arduino/sketches/756C8A719E408CC83410B907C30ACF5E/../../cores/arduino_sam_arduino_due_x_dbg_13e93a580f677a788431e7eba67fa1dc/core.a(UARTClass.cpp.o)
                0x000000000008369c                UARTClass::IrqHandler()
 .text._ZN10USARTClass5beginEm
                0x00000000000836f6        0x8 /private/var/folders/dg/qs09sntx2l57tcph295m5c6h0000gn/T/arduino/sketches/756C8A719E408CC83410B907C30ACF5E/../../cores/arduino_sam_arduino_due_x_dbg_13e93a580f677a788431e7eba67fa1dc/core.a(USARTClass.cpp.o)
                0x00000000000836f6                USARTClass::begin(unsigned long)
 *fill*         0x00000000000836fe        0x2 
 .text._ZN10USARTClassC2EP5Usart4IRQnmP10RingBufferS4_
                0x0000000000083700       0x24 /private/var/folders/dg/qs09sntx2l57tcph295m5c6h0000gn/T/arduino/sketches/756C8A719E408CC83410B907C30ACF5E/../../cores/arduino_sam_arduino_due_x_dbg_13e93a580f677a788431e7eba67fa1dc/core.a(USARTClass.cpp.o)
                0x0000000000083700                USARTClass::USARTClass(Usart*, IRQn, unsigned long, RingBuffer*, RingBuffer*)
                0x0000000000083700                USARTClass::USARTClass(Usart*, IRQn, unsigned long, RingBuffer*, RingBuffer*)
 .text.PIOA_Handler
                0x0000000000083724       0x38 /private/var/folders/dg/qs09sntx2l57tcph295m5c6h0000gn/T/arduino/sketches/756C8A719E408CC83410B907C30ACF5E/../../cores/arduino_sam_arduino_due_x_dbg_13e93a580f677a788431e7eba67fa1dc/core.a(WInterrupts.c.o)
                0x0000000000083724                PIOA_Handler
 .text.PIOB_Handler
                0x000000000008375c       0x38 /private/var/folders/dg/qs09sntx2l57tcph295m5c6h0000gn/T/arduino/sketches/756C8A719E408CC83410B907C30ACF5E/../../cores/arduino_sam_arduino_due_x_dbg_13e93a580f677a788431e7eba67fa1dc/core.a(WInterrupts.c.o)
                0x000000000008375c                PIOB_Handler
 .text.PIOC_Handler
                0x0000000000083794       0x38 /private/var/folders/dg/qs09sntx2l57tcph295m5c6h0000gn/T/arduino/sketches/756C8A719E408CC83410B907C30ACF5E/../../cores/arduino_sam_arduino_due_x_dbg_13e93a580f677a788431e7eba67fa1dc/core.a(WInterrupts.c.o)
                0x0000000000083794                PIOC_Handler
 .text.PIOD_Handler
                0x00000000000837cc       0x38 /private/var/folders/dg/qs09sntx2l57tcph295m5c6h0000gn/T/arduino/sketches/756C8A719E408CC83410B907C30ACF5E/../../cores/arduino_sam_arduino_due_x_dbg_13e93a580f677a788431e7eba67fa1dc/core.a(WInterrupts.c.o)
                0x00000000000837cc                PIOD_Handler
 .text.__halt   0x0000000000083804        0x2 /private/var/folders/dg/qs09sntx2l57tcph295m5c6h0000gn/T/arduino/sketches/756C8A719E408CC83410B907C30ACF5E/../../cores/arduino_sam_arduino_due_x_dbg_13e93a580f677a788431e7eba67fa1dc/core.a(cortex_handlers.c.o)
                0x0000000000083804                SPI0_Handler
                0x0000000000083804                DebugMon_Handler
                0x0000000000083804                DMAC_Handler
                0x0000000000083804                TRNG_Handler
                0x0000000000083804                HardFault_Handler
                0x0000000000083804                TC2_Handler
                0x0000000000083804                TWI1_Handler
                0x0000000000083804                NMI_Handler
                0x0000000000083804                TC7_Handler
                0x0000000000083804                ADC_Handler
                0x0000000000083804                SMC_Handler
                0x0000000000083804                RTT_Handler
                0x0000000000083804                EFC1_Handler
                0x0000000000083804                RTC_Handler
                0x0000000000083804                UsageFault_Handler
                0x0000000000083804                TC6_Handler
                0x0000000000083804                WDT_Handler
                0x0000000000083804                CAN0_Handler
                0x0000000000083804                TC4_Handler
                0x0000000000083804                TC1_Handler
                0x0000000000083804                HSMCI_Handler
                0x0000000000083804                TC3_Handler
                0x0000000000083804                TWI0_Handler
                0x0000000000083804                SSC_Handler
                0x0000000000083804                EFC0_Handler
                0x0000000000083804                PMC_Handler
                0x0000000000083804                PWM_Handler
                0x0000000000083804                CAN1_Handler
                0x0000000000083804                MemManage_Handler
                0x0000000000083804                SUPC_Handler
                0x0000000000083804                TC8_Handler
                0x0000000000083804                USART2_Handler
                0x0000000000083804                EMAC_Handler
                0x0000000000083804                BusFault_Handler
                0x0000000000083804                RSTC_Handler
                0x0000000000083804                TC0_Handler
                0x0000000000083804                TC5_Handler
                0x0000000000083804                DACC_Handler
 .text.SVC_Handler
                0x0000000000083806        0x4 /private/var/folders/dg/qs09sntx2l57tcph295m5c6h0000gn/T/arduino/sketches/756C8A719E408CC83410B907C30ACF5E/../../cores/arduino_sam_arduino_due_x_dbg_13e93a580f677a788431e7eba67fa1dc/core.a(cortex_handlers.c.o)
                0x0000000000083806                SVC_Handler
 .text.PendSV_Handler
                0x000000000008380a        0x4 /private/var/folders/dg/qs09sntx2l57tcph295m5c6h0000gn/T/arduino/sketches/756C8A719E408CC83410B907C30ACF5E/../../cores/arduino_sam_arduino_due_x_dbg_13e93a580f677a788431e7eba67fa1dc/core.a(cortex_handlers.c.o)
                0x000000000008380a                PendSV_Handler
 .text.SysTick_Handler
                0x000000000008380e       0x16 /private/var/folders/dg/qs09sntx2l57tcph295m5c6h0000gn/T/arduino/sketches/756C8A719E408CC83410B907C30ACF5E/../../cores/arduino_sam_arduino_due_x_dbg_13e93a580f677a788431e7eba67fa1dc/core.a(cortex_handlers.c.o)
                0x000000000008380e                SysTick_Handler
 .text.__empty  0x0000000000083824        0x2 /private/var/folders/dg/qs09sntx2l57tcph295m5c6h0000gn/T/arduino/sketches/756C8A719E408CC83410B907C30ACF5E/../../cores/arduino_sam_arduino_due_x_dbg_13e93a580f677a788431e7eba67fa1dc/core.a(hooks.c.o)
                0x0000000000083824                yield
 .text.__false  0x0000000000083826        0x4 /private/var/folders/dg/qs09sntx2l57tcph295m5c6h0000gn/T/arduino/sketches/756C8A719E408CC83410B907C30ACF5E/../../cores/arduino_sam_arduino_due_x_dbg_13e93a580f677a788431e7eba67fa1dc/core.a(hooks.c.o)
                0x0000000000083826                sysTickHook
 .text.__halt   0x000000000008382a        0x2 /private/var/folders/dg/qs09sntx2l57tcph295m5c6h0000gn/T/arduino/sketches/756C8A719E408CC83410B907C30ACF5E/../../cores/arduino_sam_arduino_due_x_dbg_13e93a580f677a788431e7eba67fa1dc/core.a(hooks.c.o)
                0x000000000008382a                pendSVHook
                0x000000000008382a                svcHook
 .text.initVariant
                0x000000000008382c        0x2 /private/var/folders/dg/qs09sntx2l57tcph295m5c6h0000gn/T/arduino/sketches/756C8A719E408CC83410B907C30ACF5E/../../cores/arduino_sam_arduino_due_x_dbg_13e93a580f677a788431e7eba67fa1dc/core.a(main.cpp.o)
                0x000000000008382c                initVariant
 *fill*         0x000000000008382e        0x2 
 .text.startup.main
                0x0000000000083830       0x38 /private/var/folders/dg/qs09sntx2l57tcph295m5c6h0000gn/T/arduino/sketches/756C8A719E408CC83410B907C30ACF5E/../../cores/arduino_sam_arduino_due_x_dbg_13e93a580f677a788431e7eba67fa1dc/core.a(main.cpp.o)
                0x0000000000083830                main
 .text._sbrk    0x0000000000083868       0x1c /private/var/folders/dg/qs09sntx2l57tcph295m5c6h0000gn/T/arduino/sketches/756C8A719E408CC83410B907C30ACF5E/../../cores/arduino_sam_arduino_due_x_dbg_13e93a580f677a788431e7eba67fa1dc/core.a(syscalls_sam3.c.o)
                0x0000000000083868                _sbrk
 .text.link     0x0000000000083884        0x6 /private/var/folders/dg/qs09sntx2l57tcph295m5c6h0000gn/T/arduino/sketches/756C8A719E408CC83410B907C30ACF5E/../../cores/arduino_sam_arduino_due_x_dbg_13e93a580f677a788431e7eba67fa1dc/core.a(syscalls_sam3.c.o)
                0x0000000000083884                link
 .text._close   0x000000000008388a        0x6 /private/var/folders/dg/qs09sntx2l57tcph295m5c6h0000gn/T/arduino/sketches/756C8A719E408CC83410B907C30ACF5E/../../cores/arduino_sam_arduino_due_x_dbg_13e93a580f677a788431e7eba67fa1dc/core.a(syscalls_sam3.c.o)
                0x000000000008388a                _close
 .text._fstat   0x0000000000083890        0xa /private/var/folders/dg/qs09sntx2l57tcph295m5c6h0000gn/T/arduino/sketches/756C8A719E408CC83410B907C30ACF5E/../../cores/arduino_sam_arduino_due_x_dbg_13e93a580f677a788431e7eba67fa1dc/core.a(syscalls_sam3.c.o)
                0x0000000000083890                _fstat
 .text._isatty  0x000000000008389a        0x4 /private/var/folders/dg/qs09sntx2l57tcph295m5c6h0000gn/T/arduino/sketches/756C8A719E408CC83410B907C30ACF5E/../../cores/arduino_sam_arduino_due_x_dbg_13e93a580f677a788431e7eba67fa1dc/core.a(syscalls_sam3.c.o)
                0x000000000008389a                _isatty
 .text._lseek   0x000000000008389e        0x4 /private/var/folders/dg/qs09sntx2l57tcph295m5c6h0000gn/T/arduino/sketches/756C8A719E408CC83410B907C30ACF5E/../../cores/arduino_sam_arduino_due_x_dbg_13e93a580f677a788431e7eba67fa1dc/core.a(syscalls_sam3.c.o)
                0x000000000008389e                _lseek
 .text._read    0x00000000000838a2        0x4 /private/var/folders/dg/qs09sntx2l57tcph295m5c6h0000gn/T/arduino/sketches/756C8A719E408CC83410B907C30ACF5E/../../cores/arduino_sam_arduino_due_x_dbg_13e93a580f677a788431e7eba67fa1dc/core.a(syscalls_sam3.c.o)
                0x00000000000838a2                _read
 *fill*         0x00000000000838a6        0x2 
 .text._write   0x00000000000838a8       0x24 /private/var/folders/dg/qs09sntx2l57tcph295m5c6h0000gn/T/arduino/sketches/756C8A719E408CC83410B907C30ACF5E/../../cores/arduino_sam_arduino_due_x_dbg_13e93a580f677a788431e7eba67fa1dc/core.a(syscalls_sam3.c.o)
                0x00000000000838a8                _write
 .text._exit    0x00000000000838cc        0x2 /private/var/folders/dg/qs09sntx2l57tcph295m5c6h0000gn/T/arduino/sketches/756C8A719E408CC83410B907C30ACF5E/../../cores/arduino_sam_arduino_due_x_dbg_13e93a580f677a788431e7eba67fa1dc/core.a(syscalls_sam3.c.o)
                0x00000000000838cc                _exit
 .text._kill    0x00000000000838ce        0x2 /private/var/folders/dg/qs09sntx2l57tcph295m5c6h0000gn/T/arduino/sketches/756C8A719E408CC83410B907C30ACF5E/../../cores/arduino_sam_arduino_due_x_dbg_13e93a580f677a788431e7eba67fa1dc/core.a(syscalls_sam3.c.o)
                0x00000000000838ce                _kill
 .text._getpid  0x00000000000838d0        0x6 /private/var/folders/dg/qs09sntx2l57tcph295m5c6h0000gn/T/arduino/sketches/756C8A719E408CC83410B907C30ACF5E/../../cores/arduino_sam_arduino_due_x_dbg_13e93a580f677a788431e7eba67fa1dc/core.a(syscalls_sam3.c.o)
                0x00000000000838d0                _getpid
 *fill*         0x00000000000838d6        0x2 
 .text._watchdogDefaultSetup
                0x00000000000838d8        0xc /private/var/folders/dg/qs09sntx2l57tcph295m5c6h0000gn/T/arduino/sketches/756C8A719E408CC83410B907C30ACF5E/../../cores/arduino_sam_arduino_due_x_dbg_13e93a580f677a788431e7eba67fa1dc/core.a(watchdog.cpp.o)
                0x00000000000838d8                watchdogSetup()
                0x00000000000838d8                _watchdogDefaultSetup
 .text.millis   0x00000000000838e4        0x4 /private/var/folders/dg/qs09sntx2l57tcph295m5c6h0000gn/T/arduino/sketches/756C8A719E408CC83410B907C30ACF5E/../../cores/arduino_sam_arduino_due_x_dbg_13e93a580f677a788431e7eba67fa1dc/core.a(wiring.c.o)
                0x00000000000838e4                millis
 .text.delay    0x00000000000838e8       0x1c /private/var/folders/dg/qs09sntx2l57tcph295m5c6h0000gn/T/arduino/sketches/756C8A719E408CC83410B907C30ACF5E/../../cores/arduino_sam_arduino_due_x_dbg_13e93a580f677a788431e7eba67fa1dc/core.a(wiring.c.o)
                0x00000000000838e8                delay
 .text.analogOutputInit
                0x0000000000083904        0x2 /private/var/folders/dg/qs09sntx2l57tcph295m5c6h0000gn/T/arduino/sketches/756C8A719E408CC83410B907C30ACF5E/../../cores/arduino_sam_arduino_due_x_dbg_13e93a580f677a788431e7eba67fa1dc/core.a(wiring_analog.c.o)
                0x0000000000083904                analogOutputInit
 *fill*         0x0000000000083906        0x2 
 .text.pinMode  0x0000000000083908      0x108 /private/var/folders/dg/qs09sntx2l57tcph295m5c6h0000gn/T/arduino/sketches/756C8A719E408CC83410B907C30ACF5E/../../cores/arduino_sam_arduino_due_x_dbg_13e93a580f677a788431e7eba67fa1dc/core.a(wiring_digital.c.o)
                0x0000000000083908                pinMode
 .text.digitalWrite
                0x0000000000083a10       0x70 /private/var/folders/dg/qs09sntx2l57tcph295m5c6h0000gn/T/arduino/sketches/756C8A719E408CC83410B907C30ACF5E/../../cores/arduino_sam_arduino_due_x_dbg_13e93a580f677a788431e7eba67fa1dc/core.a(wiring_digital.c.o)
                0x0000000000083a10                digitalWrite
 .text.initiateReset
                0x0000000000083a80        0xc /private/var/folders/dg/qs09sntx2l57tcph295m5c6h0000gn/T/arduino/sketches/756C8A719E408CC83410B907C30ACF5E/../../cores/arduino_sam_arduino_due_x_dbg_13e93a580f677a788431e7eba67fa1dc/core.a(Reset.cpp.o)
                0x0000000000083a80                initiateReset
 .text.cancelReset
                0x0000000000083a8c       0x10 /private/var/folders/dg/qs09sntx2l57tcph295m5c6h0000gn/T/arduino/sketches/756C8A719E408CC83410B907C30ACF5E/../../cores/arduino_sam_arduino_due_x_dbg_13e93a580f677a788431e7eba67fa1dc/core.a(Reset.cpp.o)
                0x0000000000083a8c                cancelReset
 .text.tickReset
                0x0000000000083a9c       0x20 /private/var/folders/dg/qs09sntx2l57tcph295m5c6h0000gn/T/arduino/sketches/756C8A719E408CC83410B907C30ACF5E/../../cores/arduino_sam_arduino_due_x_dbg_13e93a580f677a788431e7eba67fa1dc/core.a(Reset.cpp.o)
                0x0000000000083a9c                tickReset
 .text.unlikely._ZL11USB_SendZlpv
                0x0000000000083abc       0x20 /private/var/folders/dg/qs09sntx2l57tcph295m5c6h0000gn/T/arduino/sketches/756C8A719E408CC83410B907C30ACF5E/../../cores/arduino_sam_arduino_due_x_dbg_13e93a580f677a788431e7eba67fa1dc/core.a(USBCore.cpp.o)
 .text._Z14USBD_Availablem
                0x0000000000083adc       0x2c /private/var/folders/dg/qs09sntx2l57tcph295m5c6h0000gn/T/arduino/sketches/756C8A719E408CC83410B907C30ACF5E/../../cores/arduino_sam_arduino_due_x_dbg_13e93a580f677a788431e7eba67fa1dc/core.a(USBCore.cpp.o)
                0x0000000000083adc                USBD_Available(unsigned long)
 .text._Z9USBD_RecvmPvm
                0x0000000000083b08       0x7c /private/var/folders/dg/qs09sntx2l57tcph295m5c6h0000gn/T/arduino/sketches/756C8A719E408CC83410B907C30ACF5E/../../cores/arduino_sam_arduino_due_x_dbg_13e93a580f677a788431e7eba67fa1dc/core.a(USBCore.cpp.o)
                0x0000000000083b08                USBD_Recv(unsigned long, void*, unsigned long)
 .text._Z9USBD_Recvm
                0x0000000000083b84       0x22 /private/var/folders/dg/qs09sntx2l57tcph295m5c6h0000gn/T/arduino/sketches/756C8A719E408CC83410B907C30ACF5E/../../cores/arduino_sam_arduino_due_x_dbg_13e93a580f677a788431e7eba67fa1dc/core.a(USBCore.cpp.o)
                0x0000000000083b84                USBD_Recv(unsigned long)
 *fill*         0x0000000000083ba6        0x2 
 .text._Z9USBD_SendmPKvm
                0x0000000000083ba8       0x4c /private/var/folders/dg/qs09sntx2l57tcph295m5c6h0000gn/T/arduino/sketches/756C8A719E408CC83410B907C30ACF5E/../../cores/arduino_sam_arduino_due_x_dbg_13e93a580f677a788431e7eba67fa1dc/core.a(USBCore.cpp.o)
                0x0000000000083ba8                USBD_Send(unsigned long, void const*, unsigned long)
 .text._Z16USBD_SendControlhPKvm
                0x0000000000083bf4       0x40 /private/var/folders/dg/qs09sntx2l57tcph295m5c6h0000gn/T/arduino/sketches/756C8A719E408CC83410B907C30ACF5E/../../cores/arduino_sam_arduino_due_x_dbg_13e93a580f677a788431e7eba67fa1dc/core.a(USBCore.cpp.o)
                0x0000000000083bf4                USBD_SendControl(unsigned char, void const*, unsigned long)
 .text.unlikely._ZL24USB_SendStringDescriptorPKhi
                0x0000000000083c34       0x64 /private/var/folders/dg/qs09sntx2l57tcph295m5c6h0000gn/T/arduino/sketches/756C8A719E408CC83410B907C30ACF5E/../../cores/arduino_sam_arduino_due_x_dbg_13e93a580f677a788431e7eba67fa1dc/core.a(USBCore.cpp.o)
 .text._Z16USBD_RecvControlPvm
                0x0000000000083c98       0x1c /private/var/folders/dg/qs09sntx2l57tcph295m5c6h0000gn/T/arduino/sketches/756C8A719E408CC83410B907C30ACF5E/../../cores/arduino_sam_arduino_due_x_dbg_13e93a580f677a788431e7eba67fa1dc/core.a(USBCore.cpp.o)
                0x0000000000083c98                USBD_RecvControl(void*, unsigned long)
 .text._Z26USBD_ClassInterfaceRequestR8USBSetup
                0x0000000000083cb4       0x1e /private/var/folders/dg/qs09sntx2l57tcph295m5c6h0000gn/T/arduino/sketches/756C8A719E408CC83410B907C30ACF5E/../../cores/arduino_sam_arduino_due_x_dbg_13e93a580f677a788431e7eba67fa1dc/core.a(USBCore.cpp.o)
                0x0000000000083cb4                USBD_ClassInterfaceRequest(USBSetup&)
 .text._Z19USBD_SendInterfacesv
                0x0000000000083cd2       0x22 /private/var/folders/dg/qs09sntx2l57tcph295m5c6h0000gn/T/arduino/sketches/756C8A719E408CC83410B907C30ACF5E/../../cores/arduino_sam_arduino_due_x_dbg_13e93a580f677a788431e7eba67fa1dc/core.a(USBCore.cpp.o)
                0x0000000000083cd2                USBD_SendInterfaces()
 .text._Z24USBD_SendOtherInterfacesv
                0x0000000000083cf4       0x22 /private/var/folders/dg/qs09sntx2l57tcph295m5c6h0000gn/T/arduino/sketches/756C8A719E408CC83410B907C30ACF5E/../../cores/arduino_sam_arduino_due_x_dbg_13e93a580f677a788431e7eba67fa1dc/core.a(USBCore.cpp.o)
                0x0000000000083cf4                USBD_SendOtherInterfaces()
 .text._Z10USBD_Flushm
                0x0000000000083d16       0x16 /private/var/folders/dg/qs09sntx2l57tcph295m5c6h0000gn/T/arduino/sketches/756C8A719E408CC83410B907C30ACF5E/../../cores/arduino_sam_arduino_due_x_dbg_13e93a580f677a788431e7eba67fa1dc/core.a(USBCore.cpp.o)
                0x0000000000083d16                USBD_Flush(unsigned long)
 .text._ZN10USBDevice_C2Ev
                0x0000000000083d2c       0x24 /private/var/folders/dg/qs09sntx2l57tcph295m5c6h0000gn/T/arduino/sketches/756C8A719E408CC83410B907C30ACF5E/../../cores/arduino_sam_arduino_due_x_dbg_13e93a580f677a788431e7eba67fa1dc/core.a(USBCore.cpp.o)
                0x0000000000083d2c                USBDevice_::USBDevice_()
                0x0000000000083d2c                USBDevice_::USBDevice_()
 .text._ZN10USBDevice_6attachEv
                0x0000000000083d50       0x20 /private/var/folders/dg/qs09sntx2l57tcph295m5c6h0000gn/T/arduino/sketches/756C8A719E408CC83410B907C30ACF5E/../../cores/arduino_sam_arduino_due_x_dbg_13e93a580f677a788431e7eba67fa1dc/core.a(USBCore.cpp.o)
                0x0000000000083d50                USBDevice_::attach()
 .text.startup._GLOBAL__sub_I_EndPoints
                0x0000000000083d70        0xc /private/var/folders/dg/qs09sntx2l57tcph295m5c6h0000gn/T/arduino/sketches/756C8A719E408CC83410B907C30ACF5E/../../cores/arduino_sam_arduino_due_x_dbg_13e93a580f677a788431e7eba67fa1dc/core.a(USBCore.cpp.o)
 .text._ZL7USB_ISRv
                0x0000000000083d7c      0x454 /private/var/folders/dg/qs09sntx2l57tcph295m5c6h0000gn/T/arduino/sketches/756C8A719E408CC83410B907C30ACF5E/../../cores/arduino_sam_arduino_due_x_dbg_13e93a580f677a788431e7eba67fa1dc/core.a(USBCore.cpp.o)
 .text._ZN7Serial_9availableEv
                0x00000000000841d0       0x18 /private/var/folders/dg/qs09sntx2l57tcph295m5c6h0000gn/T/arduino/sketches/756C8A719E408CC83410B907C30ACF5E/../../cores/arduino_sam_arduino_due_x_dbg_13e93a580f677a788431e7eba67fa1dc/core.a(CDC.cpp.o)
                0x00000000000841d0                Serial_::available()
 .text._ZN7Serial_17availableForWriteEv
                0x00000000000841e8        0x6 /private/var/folders/dg/qs09sntx2l57tcph295m5c6h0000gn/T/arduino/sketches/756C8A719E408CC83410B907C30ACF5E/../../cores/arduino_sam_arduino_due_x_dbg_13e93a580f677a788431e7eba67fa1dc/core.a(CDC.cpp.o)
                0x00000000000841e8                Serial_::availableForWrite()
 *fill*         0x00000000000841ee        0x2 
 .text._ZN7Serial_4peekEv
                0x00000000000841f0       0x20 /private/var/folders/dg/qs09sntx2l57tcph295m5c6h0000gn/T/arduino/sketches/756C8A719E408CC83410B907C30ACF5E/../../cores/arduino_sam_arduino_due_x_dbg_13e93a580f677a788431e7eba67fa1dc/core.a(CDC.cpp.o)
                0x00000000000841f0                Serial_::peek()
 .text._ZN7Serial_5writeEh
                0x0000000000084210       0x16 /private/var/folders/dg/qs09sntx2l57tcph295m5c6h0000gn/T/arduino/sketches/756C8A719E408CC83410B907C30ACF5E/../../cores/arduino_sam_arduino_due_x_dbg_13e93a580f677a788431e7eba67fa1dc/core.a(CDC.cpp.o)
                0x0000000000084210                Serial_::write(unsigned char)
 *fill*         0x0000000000084226        0x2 
 .text._ZN7Serial_4readEv
                0x0000000000084228       0x44 /private/var/folders/dg/qs09sntx2l57tcph295m5c6h0000gn/T/arduino/sketches/756C8A719E408CC83410B907C30ACF5E/../../cores/arduino_sam_arduino_due_x_dbg_13e93a580f677a788431e7eba67fa1dc/core.a(CDC.cpp.o)
                0x0000000000084228                Serial_::read()
 .text._ZN7Serial_5flushEv
                0x000000000008426c        0x6 /private/var/folders/dg/qs09sntx2l57tcph295m5c6h0000gn/T/arduino/sketches/756C8A719E408CC83410B907C30ACF5E/../../cores/arduino_sam_arduino_due_x_dbg_13e93a580f677a788431e7eba67fa1dc/core.a(CDC.cpp.o)
                0x000000000008426c                Serial_::flush()
 *fill*         0x0000000000084272        0x2 
 .text._ZN7Serial_6acceptEv
                0x0000000000084274       0x70 /private/var/folders/dg/qs09sntx2l57tcph295m5c6h0000gn/T/arduino/sketches/756C8A719E408CC83410B907C30ACF5E/../../cores/arduino_sam_arduino_due_x_dbg_13e93a580f677a788431e7eba67fa1dc/core.a(CDC.cpp.o)
                0x0000000000084274                Serial_::accept()
 .text._ZN7Serial_5writeEPKhj
                0x00000000000842e4       0x2c /private/var/folders/dg/qs09sntx2l57tcph295m5c6h0000gn/T/arduino/sketches/756C8A719E408CC83410B907C30ACF5E/../../cores/arduino_sam_arduino_due_x_dbg_13e93a580f677a788431e7eba67fa1dc/core.a(CDC.cpp.o)
                0x00000000000842e4                Serial_::write(unsigned char const*, unsigned int)
 .text._Z16CDC_GetInterfacePh
                0x0000000000084310       0x14 /private/var/folders/dg/qs09sntx2l57tcph295m5c6h0000gn/T/arduino/sketches/756C8A719E408CC83410B907C30ACF5E/../../cores/arduino_sam_arduino_due_x_dbg_13e93a580f677a788431e7eba67fa1dc/core.a(CDC.cpp.o)
                0x0000000000084310                CDC_GetInterface(unsigned char*)
 .text._Z21CDC_GetOtherInterfacePh
                0x0000000000084324       0x14 /private/var/folders/dg/qs09sntx2l57tcph295m5c6h0000gn/T/arduino/sketches/756C8A719E408CC83410B907C30ACF5E/../../cores/arduino_sam_arduino_due_x_dbg_13e93a580f677a788431e7eba67fa1dc/core.a(CDC.cpp.o)
                0x0000000000084324                CDC_GetOtherInterface(unsigned char*)
 .text._Z9CDC_SetupR8USBSetup
                0x0000000000084338       0x78 /private/var/folders/dg/qs09sntx2l57tcph295m5c6h0000gn/T/arduino/sketches/756C8A719E408CC83410B907C30ACF5E/../../cores/arduino_sam_arduino_due_x_dbg_13e93a580f677a788431e7eba67fa1dc/core.a(CDC.cpp.o)
                0x0000000000084338                CDC_Setup(USBSetup&)
 .text.startup._GLOBAL__sub_I_cdc_rx_buffer
                0x00000000000843b0       0x1c /private/var/folders/dg/qs09sntx2l57tcph295m5c6h0000gn/T/arduino/sketches/756C8A719E408CC83410B907C30ACF5E/../../cores/arduino_sam_arduino_due_x_dbg_13e93a580f677a788431e7eba67fa1dc/core.a(CDC.cpp.o)
 .text._ZN13PluggableUSB_12getInterfaceEPh
                0x00000000000843cc       0x28 /private/var/folders/dg/qs09sntx2l57tcph295m5c6h0000gn/T/arduino/sketches/756C8A719E408CC83410B907C30ACF5E/../../cores/arduino_sam_arduino_due_x_dbg_13e93a580f677a788431e7eba67fa1dc/core.a(PluggableUSB.cpp.o)
                0x00000000000843cc                PluggableUSB_::getInterface(unsigned char*)
 .text._ZN13PluggableUSB_13getDescriptorER8USBSetup
                0x00000000000843f4       0x1c /private/var/folders/dg/qs09sntx2l57tcph295m5c6h0000gn/T/arduino/sketches/756C8A719E408CC83410B907C30ACF5E/../../cores/arduino_sam_arduino_due_x_dbg_13e93a580f677a788431e7eba67fa1dc/core.a(PluggableUSB.cpp.o)
                0x00000000000843f4                PluggableUSB_::getDescriptor(USBSetup&)
 .text._ZN13PluggableUSB_12getShortNameEPc
                0x0000000000084410       0x1c /private/var/folders/dg/qs09sntx2l57tcph295m5c6h0000gn/T/arduino/sketches/756C8A719E408CC83410B907C30ACF5E/../../cores/arduino_sam_arduino_due_x_dbg_13e93a580f677a788431e7eba67fa1dc/core.a(PluggableUSB.cpp.o)
                0x0000000000084410                PluggableUSB_::getShortName(char*)
 .text._ZN13PluggableUSB_5setupER8USBSetup
                0x000000000008442c       0x20 /private/var/folders/dg/qs09sntx2l57tcph295m5c6h0000gn/T/arduino/sketches/756C8A719E408CC83410B907C30ACF5E/../../cores/arduino_sam_arduino_due_x_dbg_13e93a580f677a788431e7eba67fa1dc/core.a(PluggableUSB.cpp.o)
                0x000000000008442c                PluggableUSB_::setup(USBSetup&)
 .text._Z12PluggableUSBv
                0x000000000008444c       0x28 /private/var/folders/dg/qs09sntx2l57tcph295m5c6h0000gn/T/arduino/sketches/756C8A719E408CC83410B907C30ACF5E/../../cores/arduino_sam_arduino_due_x_dbg_13e93a580f677a788431e7eba67fa1dc/core.a(PluggableUSB.cpp.o)
                0x000000000008444c                PluggableUSB()
 .text.TimeTick_Increment
                0x0000000000084474       0x10 /Users/irenecasares/Library/Arduino15/packages/arduino/hardware/sam/1.6.12/variants/arduino_due_x/libsam_sam3x8e_gcc_rel.a(timetick.o)
                0x0000000000084474                TimeTick_Increment
 .text.GetTickCount
                0x0000000000084484        0xc /Users/irenecasares/Library/Arduino15/packages/arduino/hardware/sam/1.6.12/variants/arduino_due_x/libsam_sam3x8e_gcc_rel.a(timetick.o)
                0x0000000000084484                GetTickCount
 .text.WDT_Disable
                0x0000000000084490        0x8 /Users/irenecasares/Library/Arduino15/packages/arduino/hardware/sam/1.6.12/variants/arduino_due_x/libsam_sam3x8e_gcc_rel.a(wdt.o)
                0x0000000000084490                WDT_Disable
 .text.UDD_SetStack
                0x0000000000084498        0xc /Users/irenecasares/Library/Arduino15/packages/arduino/hardware/sam/1.6.12/variants/arduino_due_x/libsam_sam3x8e_gcc_rel.a(uotghs_device.o)
                0x0000000000084498                UDD_SetStack
 .text.UDD_Init
                0x00000000000844a4       0xd0 /Users/irenecasares/Library/Arduino15/packages/arduino/hardware/sam/1.6.12/variants/arduino_due_x/libsam_sam3x8e_gcc_rel.a(uotghs_device.o)
                0x00000000000844a4                UDD_Init
 .text.UDD_Attach
                0x0000000000084574       0x50 /Users/irenecasares/Library/Arduino15/packages/arduino/hardware/sam/1.6.12/variants/arduino_due_x/libsam_sam3x8e_gcc_rel.a(uotghs_device.o)
                0x0000000000084574                UDD_Attach
 .text.UDD_InitEP
                0x00000000000845c4       0x2c /Users/irenecasares/Library/Arduino15/packages/arduino/hardware/sam/1.6.12/variants/arduino_due_x/libsam_sam3x8e_gcc_rel.a(uotghs_device.o)
                0x00000000000845c4                UDD_InitEP
 .text.UDD_InitEndpoints
                0x00000000000845f0       0x3c /Users/irenecasares/Library/Arduino15/packages/arduino/hardware/sam/1.6.12/variants/arduino_due_x/libsam_sam3x8e_gcc_rel.a(uotghs_device.o)
                0x00000000000845f0                UDD_InitEndpoints
 .text.UDD_WaitIN
                0x000000000008462c       0x10 /Users/irenecasares/Library/Arduino15/packages/arduino/hardware/sam/1.6.12/variants/arduino_due_x/libsam_sam3x8e_gcc_rel.a(uotghs_device.o)
                0x000000000008462c                UDD_WaitIN
 .text.UDD_WaitOUT
                0x000000000008463c       0x10 /Users/irenecasares/Library/Arduino15/packages/arduino/hardware/sam/1.6.12/variants/arduino_due_x/libsam_sam3x8e_gcc_rel.a(uotghs_device.o)
                0x000000000008463c                UDD_WaitOUT
 .text.UDD_ClearIN
                0x000000000008464c       0x18 /Users/irenecasares/Library/Arduino15/packages/arduino/hardware/sam/1.6.12/variants/arduino_due_x/libsam_sam3x8e_gcc_rel.a(uotghs_device.o)
                0x000000000008464c                UDD_ClearIN
 .text.UDD_ClearOUT
                0x0000000000084664       0x18 /Users/irenecasares/Library/Arduino15/packages/arduino/hardware/sam/1.6.12/variants/arduino_due_x/libsam_sam3x8e_gcc_rel.a(uotghs_device.o)
                0x0000000000084664                UDD_ClearOUT
 .text.UDD_ReceivedSetupInt
                0x000000000008467c       0x10 /Users/irenecasares/Library/Arduino15/packages/arduino/hardware/sam/1.6.12/variants/arduino_due_x/libsam_sam3x8e_gcc_rel.a(uotghs_device.o)
                0x000000000008467c                UDD_ReceivedSetupInt
 .text.UDD_ClearSetupInt
                0x000000000008468c       0x10 /Users/irenecasares/Library/Arduino15/packages/arduino/hardware/sam/1.6.12/variants/arduino_due_x/libsam_sam3x8e_gcc_rel.a(uotghs_device.o)
                0x000000000008468c                UDD_ClearSetupInt
 .text.UDD_Send
                0x000000000008469c       0x88 /Users/irenecasares/Library/Arduino15/packages/arduino/hardware/sam/1.6.12/variants/arduino_due_x/libsam_sam3x8e_gcc_rel.a(uotghs_device.o)
                0x000000000008469c                UDD_Send
 .text.UDD_Send8
                0x0000000000084724       0x24 /Users/irenecasares/Library/Arduino15/packages/arduino/hardware/sam/1.6.12/variants/arduino_due_x/libsam_sam3x8e_gcc_rel.a(uotghs_device.o)
                0x0000000000084724                UDD_Send8
 .text.UDD_Recv8
                0x0000000000084748       0x28 /Users/irenecasares/Library/Arduino15/packages/arduino/hardware/sam/1.6.12/variants/arduino_due_x/libsam_sam3x8e_gcc_rel.a(uotghs_device.o)
                0x0000000000084748                UDD_Recv8
 .text.UDD_Recv
                0x0000000000084770       0x34 /Users/irenecasares/Library/Arduino15/packages/arduino/hardware/sam/1.6.12/variants/arduino_due_x/libsam_sam3x8e_gcc_rel.a(uotghs_device.o)
                0x0000000000084770                UDD_Recv
 .text.UDD_Stall
                0x00000000000847a4       0x14 /Users/irenecasares/Library/Arduino15/packages/arduino/hardware/sam/1.6.12/variants/arduino_due_x/libsam_sam3x8e_gcc_rel.a(uotghs_device.o)
                0x00000000000847a4                UDD_Stall
 .text.UDD_FifoByteCount
                0x00000000000847b8       0x14 /Users/irenecasares/Library/Arduino15/packages/arduino/hardware/sam/1.6.12/variants/arduino_due_x/libsam_sam3x8e_gcc_rel.a(uotghs_device.o)
                0x00000000000847b8                UDD_FifoByteCount
 .text.UDD_ReleaseRX
                0x00000000000847cc       0x28 /Users/irenecasares/Library/Arduino15/packages/arduino/hardware/sam/1.6.12/variants/arduino_due_x/libsam_sam3x8e_gcc_rel.a(uotghs_device.o)
                0x00000000000847cc                UDD_ReleaseRX
 .text.UDD_ReleaseTX
                0x00000000000847f4       0x28 /Users/irenecasares/Library/Arduino15/packages/arduino/hardware/sam/1.6.12/variants/arduino_due_x/libsam_sam3x8e_gcc_rel.a(uotghs_device.o)
                0x00000000000847f4                UDD_ReleaseTX
 .text.UDD_SetAddress
                0x000000000008481c       0x20 /Users/irenecasares/Library/Arduino15/packages/arduino/hardware/sam/1.6.12/variants/arduino_due_x/libsam_sam3x8e_gcc_rel.a(uotghs_device.o)
                0x000000000008481c                UDD_SetAddress
 .text.__libc_init_array
                0x000000000008483c       0x50 /Users/irenecasares/Library/Arduino15/packages/arduino/tools/arm-none-eabi-gcc/4.8.3-2014q1/bin/../lib/gcc/arm-none-eabi/4.8.3/../../../../arm-none-eabi/lib/armv7-m/libc.a(lib_a-init.o)
                0x000000000008483c                __libc_init_array
 .text.malloc   0x000000000008488c       0x10 /Users/irenecasares/Library/Arduino15/packages/arduino/tools/arm-none-eabi-gcc/4.8.3-2014q1/bin/../lib/gcc/arm-none-eabi/4.8.3/../../../../arm-none-eabi/lib/armv7-m/libc.a(lib_a-malloc.o)
                0x000000000008488c                malloc
 .text._malloc_r
                0x000000000008489c      0x538 /Users/irenecasares/Library/Arduino15/packages/arduino/tools/arm-none-eabi-gcc/4.8.3-2014q1/bin/../lib/gcc/arm-none-eabi/4.8.3/../../../../arm-none-eabi/lib/armv7-m/libc.a(lib_a-mallocr.o)
                0x000000000008489c                _malloc_r
 .text.memset   0x0000000000084dd4       0x94 /Users/irenecasares/Library/Arduino15/packages/arduino/tools/arm-none-eabi-gcc/4.8.3-2014q1/bin/../lib/gcc/arm-none-eabi/4.8.3/../../../../arm-none-eabi/lib/armv7-m/libc.a(lib_a-memset.o)
                0x0000000000084dd4                memset
 .text.__malloc_lock
                0x0000000000084e68        0x4 /Users/irenecasares/Library/Arduino15/packages/arduino/tools/arm-none-eabi-gcc/4.8.3-2014q1/bin/../lib/gcc/arm-none-eabi/4.8.3/../../../../arm-none-eabi/lib/armv7-m/libc.a(lib_a-mlock.o)
                0x0000000000084e68                __malloc_lock
 .text.__malloc_unlock
                0x0000000000084e6c        0x4 /Users/irenecasares/Library/Arduino15/packages/arduino/tools/arm-none-eabi-gcc/4.8.3-2014q1/bin/../lib/gcc/arm-none-eabi/4.8.3/../../../../arm-none-eabi/lib/armv7-m/libc.a(lib_a-mlock.o)
                0x0000000000084e6c                __malloc_unlock
 .text._sbrk_r  0x0000000000084e70       0x24 /Users/irenecasares/Library/Arduino15/packages/arduino/tools/arm-none-eabi-gcc/4.8.3-2014q1/bin/../lib/gcc/arm-none-eabi/4.8.3/../../../../arm-none-eabi/lib/armv7-m/libc.a(lib_a-sbrkr.o)
                0x0000000000084e70                _sbrk_r
 .text.strlen   0x0000000000084e94       0x60 /Users/irenecasares/Library/Arduino15/packages/arduino/tools/arm-none-eabi-gcc/4.8.3-2014q1/bin/../lib/gcc/arm-none-eabi/4.8.3/../../../../arm-none-eabi/lib/armv7-m/libc.a(lib_a-strlen.o)
                0x0000000000084e94                strlen
 .text.kill     0x0000000000084ef4       0x10 /Users/irenecasares/Library/Arduino15/packages/arduino/tools/arm-none-eabi-gcc/4.8.3-2014q1/bin/../lib/gcc/arm-none-eabi/4.8.3/../../../../arm-none-eabi/lib/armv7-m/libc.a(lib_a-syskill.o)
                0x0000000000084ef4                kill
 .text.startup.register_fini
                0x0000000000084f04       0x14 /Users/irenecasares/Library/Arduino15/packages/arduino/tools/arm-none-eabi-gcc/4.8.3-2014q1/bin/../lib/gcc/arm-none-eabi/4.8.3/../../../../arm-none-eabi/lib/armv7-m/libc.a(lib_a-__call_atexit.o)
 .text.atexit   0x0000000000084f18        0xc /Users/irenecasares/Library/Arduino15/packages/arduino/tools/arm-none-eabi-gcc/4.8.3-2014q1/bin/../lib/gcc/arm-none-eabi/4.8.3/../../../../arm-none-eabi/lib/armv7-m/libc.a(lib_a-atexit.o)
                0x0000000000084f18                atexit
 .text.__libc_fini_array
                0x0000000000084f24       0x30 /Users/irenecasares/Library/Arduino15/packages/arduino/tools/arm-none-eabi-gcc/4.8.3-2014q1/bin/../lib/gcc/arm-none-eabi/4.8.3/../../../../arm-none-eabi/lib/armv7-m/libc.a(lib_a-fini.o)
                0x0000000000084f24                __libc_fini_array
 .text._malloc_trim_r
                0x0000000000084f54       0x9c /Users/irenecasares/Library/Arduino15/packages/arduino/tools/arm-none-eabi-gcc/4.8.3-2014q1/bin/../lib/gcc/arm-none-eabi/4.8.3/../../../../arm-none-eabi/lib/armv7-m/libc.a(lib_a-freer.o)
                0x0000000000084f54                _malloc_trim_r
 .text._free_r  0x0000000000084ff0      0x198 /Users/irenecasares/Library/Arduino15/packages/arduino/tools/arm-none-eabi-gcc/4.8.3-2014q1/bin/../lib/gcc/arm-none-eabi/4.8.3/../../../../arm-none-eabi/lib/armv7-m/libc.a(lib_a-freer.o)
                0x0000000000084ff0                _free_r
 .text._kill_r  0x0000000000085188       0x28 /Users/irenecasares/Library/Arduino15/packages/arduino/tools/arm-none-eabi-gcc/4.8.3-2014q1/bin/../lib/gcc/arm-none-eabi/4.8.3/../../../../arm-none-eabi/lib/armv7-m/libc.a(lib_a-signalr.o)
                0x0000000000085188                _kill_r
 .text.__register_exitproc
                0x00000000000851b0       0xa8 /Users/irenecasares/Library/Arduino15/packages/arduino/tools/arm-none-eabi-gcc/4.8.3-2014q1/bin/../lib/gcc/arm-none-eabi/4.8.3/../../../../arm-none-eabi/lib/armv7-m/libc.a(lib_a-__atexit.o)
                0x00000000000851b0                __register_exitproc
 *(.glue_7t)
 .glue_7t       0x0000000000000000        0x0 linker stubs
 *(.glue_7)
 .glue_7        0x0000000000000000        0x0 linker stubs
 *(.rodata .rodata* .gnu.linkonce.r.*)
 .rodata._ZTV6RA8876
                0x0000000000085258       0x10 /private/var/folders/dg/qs09sntx2l57tcph295m5c6h0000gn/T/arduino/sketches/756C8A719E408CC83410B907C30ACF5E/sketch/RA8876_v2.cpp.o
                0x0000000000085258                vtable for RA8876
 .rodata.str1.1
                0x0000000000085268       0x60 /private/var/folders/dg/qs09sntx2l57tcph295m5c6h0000gn/T/arduino/sketches/756C8A719E408CC83410B907C30ACF5E/sketch/RA8876_v2.cpp.o
 .rodata.CSWTCH.81
                0x00000000000852c8        0x4 /private/var/folders/dg/qs09sntx2l57tcph295m5c6h0000gn/T/arduino/sketches/756C8A719E408CC83410B907C30ACF5E/sketch/RA8876_v2.cpp.o
 .rodata._ZL2bw
                0x00000000000852cc      0x800 /private/var/folders/dg/qs09sntx2l57tcph295m5c6h0000gn/T/arduino/sketches/756C8A719E408CC83410B907C30ACF5E/sketch/RA8876_v2_BTE.ino.cpp.o
 .rodata.str1.1
                0x0000000000085acc      0x28a /private/var/folders/dg/qs09sntx2l57tcph295m5c6h0000gn/T/arduino/sketches/756C8A719E408CC83410B907C30ACF5E/sketch/RA8876_v2_BTE.ino.cpp.o
 .rodata._ZL13pic16bpp_byte
                0x0000000000085d56     0x8000 /private/var/folders/dg/qs09sntx2l57tcph295m5c6h0000gn/T/arduino/sketches/756C8A719E408CC83410B907C30ACF5E/sketch/RA8876_v2_BTE.ino.cpp.o
 .rodata._ZL13pic16bpp_word
                0x000000000008dd56     0x8000 /private/var/folders/dg/qs09sntx2l57tcph295m5c6h0000gn/T/arduino/sketches/756C8A719E408CC83410B907C30ACF5E/sketch/RA8876_v2_BTE.ino.cpp.o
 *fill*         0x0000000000095d56        0x2 
 .rodata._ZTV6SdFile
                0x0000000000095d58       0x10 /private/var/folders/dg/qs09sntx2l57tcph295m5c6h0000gn/T/arduino/sketches/756C8A719E408CC83410B907C30ACF5E/libraries/SD/utility/SdFile.cpp.o
                0x0000000000095d58                vtable for SdFile
 .rodata.g_APinDescription
                0x0000000000095d68      0xa2c /private/var/folders/dg/qs09sntx2l57tcph295m5c6h0000gn/T/arduino/sketches/756C8A719E408CC83410B907C30ACF5E/core/variant.cpp.o
                0x0000000000095d68                g_APinDescription
 .rodata        0x0000000000096794       0x40 /Users/irenecasares/Library/Arduino15/packages/arduino/hardware/sam/1.6.12/variants/arduino_due_x/libsam_sam3x8e_gcc_rel.a(adc.o)
 .rodata.str1.1